<html>
<body>
<pre>
<h1>µVision Build Log</h1>
<h2>Tool Versions:</h2>
IDE-Version: µVision V5.18.0.0
Copyright (C) 2016 ARM Ltd and ARM Germany GmbH. All rights reserved.
License Information: Nilesh Mundphan, HCL, LIC=----
 
Tool Versions:
Toolchain:       MDK-Lite  Version: 5.18
Toolchain Path:  C:\Keil_v5\ARM\ARMCC\Bin
C Compiler:      Armcc.exe V5.06 update 1 (build 61)
Assembler:       Armasm.exe V5.06 update 1 (build 61)
Linker/Locator:  ArmLink.exe V5.06 update 1 (build 61)
Library Manager: ArmAr.exe V5.06 update 1 (build 61)
Hex Converter:   FromElf.exe V5.06 update 1 (build 61)
CPU DLL:         SARM.DLL V5.18
Dialog DLL:      DARMP.DLL V1.51
Target DLL:      UL2ARM.DLL V1.74.7.0
Dialog DLL:      TARMP.DLL V1.51
 
<h2>Project:</h2>
E:\Sync Work\LPC2148\LPC2148_Master\LPC2148Master.uvproj
Project File Date:  09/28/2016

<h2>Output:</h2>
*** Using Compiler 'V5.06 update 1 (build 61)', folder: 'C:\Keil_v5\ARM\ARMCC\Bin'
Rebuild target 'Target 1'
compiling delay.c...
assembling Startup.s...
compiling adc.c...
compiling gpio.c...
compiling irq.c...
compiling Nstring.c...
compiling i2c.c...
compiling serial.c...
compiling spi.c...
compiling rtc.c...
compiling main.c...
compiling demo.c...
compiling lcd.c...
compiling gsm.c...
compiling dht11.c...
compiling mcp320x.c...
compiling hcsr04.c...
compiling oled.c...
linking...
Program Size: Code=2988 RO-data=19976 RW-data=8 ZI-data=2280  
FromELF: creating hex file...
".\Objects\LPC2148Master.axf" - 0 Error(s), 0 Warning(s).
Build Time Elapsed:  00:00:01
</pre>
</body>
</html>
