Component: ARM Compiler 5.06 update 1 (build 61) Tool: armlink [4d35a8]

==============================================================================

Section Cross References

    startup.o(STACK) refers (Special) to heapauxi.o(.text) for __use_two_region_memory
    startup.o(HEAP) refers (Special) to heapauxi.o(.text) for __use_two_region_memory
    startup.o(RESET) refers (Special) to heapauxi.o(.text) for __use_two_region_memory
    startup.o(RESET) refers to startup.o(STACK) for Stack_Top
    startup.o(RESET) refers to __main.o(!!!main) for __main
    startup.o(.text) refers (Special) to heapauxi.o(.text) for __use_two_region_memory
    startup.o(.text) refers to startup.o(HEAP) for Heap_Mem
    startup.o(.text) refers to startup.o(STACK) for Stack_Mem
    lcd.o(i.lcd_clear) refers to lcd.o(i.lcd_send) for lcd_send
    lcd.o(i.lcd_goto_xy) refers to lcd.o(i.lcd_send) for lcd_send
    lcd.o(i.lcd_init) refers to gpio.o(i.gpio_pin_mode) for gpio_pin_mode
    lcd.o(i.lcd_init) refers to lcd.o(i.lcd_send) for lcd_send
    lcd.o(i.lcd_init) refers to lcd.o(.data) for lcd_data_pins
    lcd.o(i.lcd_nibble) refers to gpio.o(i.gpio_pin_write) for gpio_pin_write
    lcd.o(i.lcd_nibble) refers to lcd.o(.data) for lcd_data_pins
    lcd.o(i.lcd_print) refers to lcd.o(i.lcd_send) for lcd_send
    lcd.o(i.lcd_print_xy) refers to lcd.o(i.lcd_goto_xy) for lcd_goto_xy
    lcd.o(i.lcd_print_xy) refers to lcd.o(i.lcd_print) for lcd_print
    lcd.o(i.lcd_send) refers to delay.o(i.delay_ms) for delay_ms
    lcd.o(i.lcd_send) refers to gpio.o(i.gpio_pin_write) for gpio_pin_write
    lcd.o(i.lcd_send) refers to lcd.o(i.lcd_nibble) for lcd_nibble
    lcd.o(i.lcd_send) refers to lcd.o(.data) for RS
    nstring.o(i.float_to_asci) refers to fleqf.o(x$fpl$fleqf) for __aeabi_cfcmple
    nstring.o(i.float_to_asci) refers to fmul.o(x$fpl$fmul) for __aeabi_fmul
    nstring.o(i.float_to_asci) refers to ffix.o(x$fpl$ffix) for __aeabi_f2iz
    nstring.o(i.float_to_asci) refers to nstring.o(i.int_to_asci) for int_to_asci
    nstring.o(i.float_to_asci) refers to nstring.o(i.str_len) for str_len
    nstring.o(i.int_to_asci) refers to aeabi_sdiv.o(.text) for __aeabi_idivmod
    serial.o(i.Serial0Handler) refers to serial.o(i.serial0_buff) for serial0_buff
    serial.o(i.Serial0Handler) refers to serial.o(.data) for Serial0Status
    serial.o(i.Serial1Handler) refers to serial.o(i.serial1_buff) for serial1_buff
    serial.o(i.Serial1Handler) refers to serial.o(.data) for Serial1Status
    serial.o(i.serial0_available) refers to serial.o(.data) for rx_Buffer0_Head
    serial.o(i.serial0_buff) refers to serial.o(.data) for rx_Buffer0_Tail
    serial.o(i.serial0_buff) refers to serial.o(.bss) for rxBuffer0
    serial.o(i.serial0_flush) refers to serial.o(i.serial0_read) for serial0_read
    serial.o(i.serial0_flush) refers to serial.o(i.serial0_available) for serial0_available
    serial.o(i.serial0_init) refers to aeabi_sdiv.o(.text_udiv) for __aeabi_uidivmod
    serial.o(i.serial0_init) refers to lludiv.o(.text) for __aeabi_uldivmod
    serial.o(i.serial0_init) refers to irq.o(i.install_irq) for install_irq
    serial.o(i.serial0_init) refers to serial.o(i.Serial0Handler) for Serial0Handler
    serial.o(i.serial0_print) refers to serial.o(i.serial0_write) for serial0_write
    serial.o(i.serial0_read) refers to serial.o(.data) for rx_Buffer0_Head
    serial.o(i.serial0_read) refers to serial.o(.bss) for rxBuffer0
    serial.o(i.serial0_responce) refers to serial.o(i.serial0_read) for serial0_read
    serial.o(i.serial0_responce) refers to serial.o(i.serial0_available) for serial0_available
    serial.o(i.serial0_responce) refers to delay.o(i.delay_ms) for delay_ms
    serial.o(i.serial1_available) refers to serial.o(.data) for rx_Buffer1_Head
    serial.o(i.serial1_buff) refers to serial.o(.data) for rx_Buffer1_Tail
    serial.o(i.serial1_buff) refers to serial.o(.bss) for rxBuffer1
    serial.o(i.serial1_flush) refers to serial.o(i.serial1_read) for serial1_read
    serial.o(i.serial1_flush) refers to serial.o(i.serial1_available) for serial1_available
    serial.o(i.serial1_init) refers to aeabi_sdiv.o(.text_udiv) for __aeabi_uidivmod
    serial.o(i.serial1_init) refers to lludiv.o(.text) for __aeabi_uldivmod
    serial.o(i.serial1_init) refers to irq.o(i.install_irq) for install_irq
    serial.o(i.serial1_init) refers to serial.o(i.Serial1Handler) for Serial1Handler
    serial.o(i.serial1_print) refers to serial.o(i.serial1_write) for serial1_write
    serial.o(i.serial1_read) refers to serial.o(.data) for rx_Buffer1_Head
    serial.o(i.serial1_read) refers to serial.o(.bss) for rxBuffer1
    serial.o(i.serial1_responce) refers to serial.o(i.serial1_read) for serial1_read
    serial.o(i.serial1_responce) refers to serial.o(i.serial1_available) for serial1_available
    serial.o(i.serial1_responce) refers to delay.o(i.delay_ms) for delay_ms
    irq.o(i.init_VIC) refers to irq.o(i.DefaultVICHandler) for DefaultVICHandler
    gsm.o(i.debug) refers to serial.o(i.serial0_print) for serial0_print
    gsm.o(i.debug) refers to delay.o(i.delay_ms) for delay_ms
    gsm.o(i.gsm_cmd) refers to serial.o(i.serial1_flush) for serial1_flush
    gsm.o(i.gsm_cmd) refers to serial.o(i.serial1_print) for serial1_print
    gsm.o(i.gsm_cmd) refers to serial.o(i.serial1_responce) for serial1_responce
    gsm.o(i.gsm_init) refers to serial.o(i.serial1_init) for serial1_init
    gsm.o(i.gsm_init) refers to gsm.o(i.gsm_cmd) for gsm_cmd
    gsm.o(i.gsm_init) refers to gsm.o(i.debug) for debug
    gsm.o(i.gsm_msg_read) refers to serial.o(i.serial1_print) for serial1_print
    gsm.o(i.gsm_msg_read) refers to serial.o(i.serial1_write) for serial1_write
    gsm.o(i.gsm_msg_read) refers to delay.o(i.delay_ms) for delay_ms
    gsm.o(i.gsm_msg_read) refers to serial.o(i.serial1_responce) for serial1_responce
    gsm.o(i.gsm_msg_read) refers to nstring.o(i.str_rchr) for str_rchr
    gsm.o(i.gsm_msg_read) refers to nstring.o(i.str_str) for str_str
    gsm.o(i.gsm_msg_read) refers to nstring.o(i.str_cpy) for str_cpy
    gsm.o(i.gsm_msg_read) refers to nstring.o(i.str_chr) for str_chr
    gsm.o(i.gsm_msg_send) refers to serial.o(i.serial1_print) for serial1_print
    gsm.o(i.gsm_msg_send) refers to serial.o(i.serial1_write) for serial1_write
    gsm.o(i.gsm_msg_send) refers to delay.o(i.delay_ms) for delay_ms
    gsm.o(i.gsm_msg_send) refers to serial.o(i.serial1_responce) for serial1_responce
    gsm.o(i.gsm_msg_send) refers to gsm.o(i.debug) for debug
    gsm.o(i.gsm_pname) refers to gsm.o(i.gsm_cmd) for gsm_cmd
    gsm.o(i.gsm_pname) refers to nstring.o(i.str_chr) for str_chr
    gsm.o(i.gsm_pname) refers to nstring.o(i.str_cpy) for str_cpy
    gsm.o(i.gsm_wait) refers to serial.o(i.serial1_available) for serial1_available
    gsm.o(i.gsm_wait) refers to gsm.o(i.debug) for debug
    gsm.o(i.gsm_wait) refers to serial.o(i.serial1_responce) for serial1_responce
    gsm.o(i.gsm_wait) refers to nstring.o(i.str_chr) for str_chr
    gsm.o(i.gsm_wait) refers to nstring.o(i.str_cpy) for str_cpy
    main.o(i.gsm_test) refers to serial.o(i.serial0_init) for serial0_init
    main.o(i.gsm_test) refers to serial.o(i.serial0_print) for serial0_print
    main.o(i.gsm_test) refers to gsm.o(i.gsm_init) for gsm_init
    main.o(i.gsm_test) refers to gsm.o(i.gsm_pname) for gsm_pname
    main.o(i.gsm_test) refers to delay.o(i.delay_ms) for delay_ms
    main.o(i.gsm_test) refers to gsm.o(i.gsm_msg_send) for gsm_msg_send
    main.o(i.gsm_test) refers to gsm.o(i.gsm_wait) for gsm_wait
    main.o(i.gsm_test) refers to gsm.o(i.gsm_msg_read) for gsm_msg_read
    main.o(i.main) refers to main.o(i.gsm_test) for gsm_test
    demo.o(i.adc_test) refers to _printf_pad.o(.text) for _printf_pre_padding
    demo.o(i.adc_test) refers to _printf_percent.o(.ARM.Collect$$_printf_percent$$00000000) for _printf_percent
    demo.o(i.adc_test) refers to _printf_d.o(.ARM.Collect$$_printf_percent$$00000009) for _printf_d
    demo.o(i.adc_test) refers to _printf_dec.o(.text) for _printf_int_dec
    demo.o(i.adc_test) refers to adc.o(i.adc0_init) for adc0_init
    demo.o(i.adc_test) refers to serial.o(i.serial0_init) for serial0_init
    demo.o(i.adc_test) refers to adc.o(i.adc0_read) for adc0_read
    demo.o(i.adc_test) refers to noretval__2sprintf.o(.text) for __2sprintf
    demo.o(i.adc_test) refers to serial.o(i.serial0_print) for serial0_print
    demo.o(i.adc_test) refers to delay.o(i.delay_ms) for delay_ms
    demo.o(i.gpio_test) refers to gpio.o(i.gpio_pin_mode) for gpio_pin_mode
    demo.o(i.gpio_test) refers to gpio.o(i.gpio_pin_write) for gpio_pin_write
    demo.o(i.gpio_test) refers to delay.o(i.delay_ms) for delay_ms
    demo.o(i.lcd_test) refers to lcd.o(i.lcd_init) for lcd_init
    demo.o(i.lcd_test) refers to lcd.o(i.lcd_clear) for lcd_clear
    demo.o(i.lcd_test) refers to lcd.o(i.lcd_print_xy) for lcd_print_xy
    demo.o(i.serial_test) refers to serial.o(i.serial0_init) for serial0_init
    demo.o(i.serial_test) refers to serial.o(i.serial0_print) for serial0_print
    demo.o(i.serial_test) refers to serial.o(i.serial0_available) for serial0_available
    demo.o(i.serial_test) refers to serial.o(i.serial0_read) for serial0_read
    demo.o(i.serial_test) refers to serial.o(i.serial0_write) for serial0_write
    __2sprintf.o(.text) refers to _printf_char_common.o(.text) for _printf_char_common
    __2sprintf.o(.text) refers to _sputc.o(.text) for _sputc
    noretval__2sprintf.o(.text) refers to _printf_char_common.o(.text) for _printf_char_common
    noretval__2sprintf.o(.text) refers to _sputc.o(.text) for _sputc
    __printf.o(.text) refers to __printf.o(i.__ARM_common_call_via_r1) for __ARM_common_call_via_r1
    __printf.o(.text) refers to _printf_percent.o(.ARM.Collect$$_printf_percent$$00000000) for _printf_percent
    __printf.o(.text) refers to __printf.o(i.__ARM_common_call_via_r2) for __ARM_common_call_via_r2
    _printf_pad.o(.text) refers to __printf.o(i.__ARM_common_call_via_r2) for __ARM_common_call_via_r2
    _printf_dec.o(.text) refers to rtudiv10.o(.text) for __rt_udiv10
    _printf_dec.o(.text) refers to _printf_intcommon.o(.text) for _printf_int_common
    __printf_flags.o(.text) refers to __printf.o(i.__ARM_common_call_via_r1) for __ARM_common_call_via_r1
    __printf_flags.o(.text) refers to _printf_percent.o(.ARM.Collect$$_printf_percent$$00000000) for _printf_percent
    __printf_flags.o(.text) refers to __printf.o(i.__ARM_common_call_via_r2) for __ARM_common_call_via_r2
    __printf_flags.o(.text) refers to __printf_flags.o(.constdata) for .constdata
    __printf_ss.o(.text) refers to __printf.o(i.__ARM_common_call_via_r1) for __ARM_common_call_via_r1
    __printf_ss.o(.text) refers to _printf_percent.o(.ARM.Collect$$_printf_percent$$00000000) for _printf_percent
    __printf_ss.o(.text) refers to __printf.o(i.__ARM_common_call_via_r2) for __ARM_common_call_via_r2
    __printf_flags_ss.o(.text) refers to __printf.o(i.__ARM_common_call_via_r1) for __ARM_common_call_via_r1
    __printf_flags_ss.o(.text) refers to _printf_percent.o(.ARM.Collect$$_printf_percent$$00000000) for _printf_percent
    __printf_flags_ss.o(.text) refers to __printf.o(i.__ARM_common_call_via_r2) for __ARM_common_call_via_r2
    __printf_flags_ss.o(.text) refers to __printf_flags_ss.o(.constdata) for .constdata
    __printf_wp.o(.text) refers to __printf.o(i.__ARM_common_call_via_r1) for __ARM_common_call_via_r1
    __printf_wp.o(.text) refers to __printf_wp.o(i._is_digit) for _is_digit
    __printf_wp.o(.text) refers to _printf_percent.o(.ARM.Collect$$_printf_percent$$00000000) for _printf_percent
    __printf_wp.o(.text) refers to __printf.o(i.__ARM_common_call_via_r2) for __ARM_common_call_via_r2
    __printf_flags_wp.o(.text) refers to __printf.o(i.__ARM_common_call_via_r1) for __ARM_common_call_via_r1
    __printf_flags_wp.o(.text) refers to __printf_wp.o(i._is_digit) for _is_digit
    __printf_flags_wp.o(.text) refers to _printf_percent.o(.ARM.Collect$$_printf_percent$$00000000) for _printf_percent
    __printf_flags_wp.o(.text) refers to __printf.o(i.__ARM_common_call_via_r2) for __ARM_common_call_via_r2
    __printf_flags_wp.o(.text) refers to __printf_flags_wp.o(.constdata) for .constdata
    __printf_ss_wp.o(.text) refers to __printf.o(i.__ARM_common_call_via_r1) for __ARM_common_call_via_r1
    __printf_ss_wp.o(.text) refers to __printf_wp.o(i._is_digit) for _is_digit
    __printf_ss_wp.o(.text) refers to _printf_percent.o(.ARM.Collect$$_printf_percent$$00000000) for _printf_percent
    __printf_ss_wp.o(.text) refers to __printf.o(i.__ARM_common_call_via_r2) for __ARM_common_call_via_r2
    __printf_flags_ss_wp.o(.text) refers to __printf.o(i.__ARM_common_call_via_r1) for __ARM_common_call_via_r1
    __printf_flags_ss_wp.o(.text) refers to __printf_wp.o(i._is_digit) for _is_digit
    __printf_flags_ss_wp.o(.text) refers to _printf_percent.o(.ARM.Collect$$_printf_percent$$00000000) for _printf_percent
    __printf_flags_ss_wp.o(.text) refers to __printf.o(i.__ARM_common_call_via_r2) for __ARM_common_call_via_r2
    __printf_flags_ss_wp.o(.text) refers to __printf_flags_ss_wp.o(.constdata) for .constdata
    _printf_d.o(.ARM.Collect$$_printf_percent$$00000009) refers (Weak) to _printf_dec.o(.text) for _printf_int_dec
    _printf_percent.o(.ARM.Collect$$_printf_percent$$00000000) refers (Special) to _printf_percent_end.o(.ARM.Collect$$_printf_percent$$00000017) for _printf_percent_end
    aeabi_sdiv.o(.text_udiv) refers to aeabi_sdiv.o(.text) for __arm_div2
    aeabi_sdiv_div0.o(.text_udiv) refers to aeabi_sdiv_div0.o(.text) for __arm_div2
    __main.o(!!!main) refers to __rtentry.o(.ARM.Collect$$rtentry$$00000000) for __rt_entry
    ffix.o(x$fpl$ffix) refers (Special) to usenofp.o(x$fpl$usenofp) for __I$use$fp
    ffix.o(x$fpl$ffix) refers to fnaninf.o(x$fpl$fnaninf) for __fpl_fnaninf
    ffix.o(x$fpl$ffixr) refers (Special) to usenofp.o(x$fpl$usenofp) for __I$use$fp
    ffix.o(x$fpl$ffixr) refers to fnaninf.o(x$fpl$fnaninf) for __fpl_fnaninf
    fleqf.o(x$fpl$fleqf) refers (Special) to usenofp.o(x$fpl$usenofp) for __I$use$fp
    fleqf.o(x$fpl$fleqf) refers to fnaninf.o(x$fpl$fnaninf) for __fpl_fnaninf
    fleqf.o(x$fpl$fleqf) refers to fcmpi.o(x$fpl$fcmpinf) for __fpl_fcmp_Inf
    fmul.o(x$fpl$fmul) refers (Special) to usenofp.o(x$fpl$usenofp) for __I$use$fp
    fmul.o(x$fpl$fmul) refers to fretinf.o(x$fpl$fretinf) for __fpl_fretinf
    fmul.o(x$fpl$fmul) refers to fnaninf.o(x$fpl$fnaninf) for __fpl_fnaninf
    __rtentry.o(.ARM.Collect$$rtentry$$00000000) refers (Special) to __rtentry2.o(.ARM.Collect$$rtentry$$0000000A) for __rt_entry_li
    __rtentry.o(.ARM.Collect$$rtentry$$00000000) refers (Special) to __rtentry2.o(.ARM.Collect$$rtentry$$0000000D) for __rt_entry_main
    __rtentry.o(.ARM.Collect$$rtentry$$00000000) refers (Special) to __rtentry2.o(.ARM.Collect$$rtentry$$0000000C) for __rt_entry_postli_1
    __rtentry.o(.ARM.Collect$$rtentry$$00000000) refers (Special) to __rtentry2.o(.ARM.Collect$$rtentry$$00000009) for __rt_entry_postsh_1
    __rtentry.o(.ARM.Collect$$rtentry$$00000000) refers (Special) to __rtentry2.o(.ARM.Collect$$rtentry$$00000002) for __rt_entry_presh_1
    __rtentry.o(.ARM.Collect$$rtentry$$00000000) refers (Special) to __rtentry4.o(.ARM.Collect$$rtentry$$00000004) for __rt_entry_sh
    aeabi_idiv0_sigfpe.o(.text) refers to rt_div0.o(.text) for __rt_div0
    aeabi_ldiv0_sigfpe.o(.text) refers to rt_div0.o(.text) for __rt_div0
    _printf_intcommon.o(.text) refers (Weak) to _printf_pad.o(.text) for _printf_pre_padding
    _printf_intcommon.o(.text) refers to __printf.o(i.__ARM_common_call_via_r2) for __ARM_common_call_via_r2
    _printf_intcommon.o(.text) refers (Weak) to _printf_pad.o(.text) for _printf_pre_padding
    _printf_intcommon.o(.text) refers (Weak) to _printf_pad.o(.text) for _printf_post_padding
    _printf_char_common.o(.text) refers to __printf_wp.o(.text) for __printf
    fcmpi.o(x$fpl$fcmpinf) refers (Special) to usenofp.o(x$fpl$usenofp) for __I$use$fp
    fnaninf.o(x$fpl$fnaninf) refers (Special) to usenofp.o(x$fpl$usenofp) for __I$use$fp
    fretinf.o(x$fpl$fretinf) refers (Special) to usenofp.o(x$fpl$usenofp) for __I$use$fp
    __rtentry2.o(.ARM.Collect$$rtentry$$00000008) refers to boardinit2.o(.text) for _platform_post_stackheap_init
    __rtentry2.o(.ARM.Collect$$rtentry$$0000000A) refers to libinit.o(.ARM.Collect$$libinit$$00000000) for __rt_lib_init
    __rtentry2.o(.ARM.Collect$$rtentry$$0000000B) refers to boardinit3.o(.text) for _platform_post_lib_init
    __rtentry2.o(.ARM.Collect$$rtentry$$0000000D) refers to exit.o(.text) for exit
    __rtentry2.o(.ARM.Collect$$rtentry$$0000000D) refers to main.o(i.main) for main
    __rtentry2.o(.ARM.exidx) refers to __rtentry2.o(.ARM.Collect$$rtentry$$00000001) for .ARM.Collect$$rtentry$$00000001
    __rtentry2.o(.ARM.exidx) refers to __rtentry2.o(.ARM.Collect$$rtentry$$00000008) for .ARM.Collect$$rtentry$$00000008
    __rtentry2.o(.ARM.exidx) refers to __rtentry2.o(.ARM.Collect$$rtentry$$0000000A) for .ARM.Collect$$rtentry$$0000000A
    __rtentry2.o(.ARM.exidx) refers to __rtentry2.o(.ARM.Collect$$rtentry$$0000000B) for .ARM.Collect$$rtentry$$0000000B
    __rtentry2.o(.ARM.exidx) refers to __rtentry2.o(.ARM.Collect$$rtentry$$0000000D) for .ARM.Collect$$rtentry$$0000000D
    __rtentry4.o(.ARM.Collect$$rtentry$$00000004) refers to sys_stackheap_outer.o(.text) for __user_setup_stackheap
    __rtentry4.o(.ARM.exidx) refers to __rtentry4.o(.ARM.Collect$$rtentry$$00000004) for .ARM.Collect$$rtentry$$00000004
    rt_div0.o(.text) refers to defsig_fpe_outer.o(.text) for __rt_SIGFPE
    __printf_nopercent.o(.text) refers to __printf_nopercent.o(i.__ARM_common_call_via_r7) for __ARM_common_call_via_r7
    __printf_nopercent.o(.text) refers to __printf_nopercent.o(i.__ARM_common_call_via_r5) for __ARM_common_call_via_r5
    sys_stackheap_outer.o(.text) refers to libspace.o(.text) for __user_perproc_libspace
    sys_stackheap_outer.o(.text) refers to startup.o(.text) for __user_initial_stackheap
    exit.o(.text) refers to rtexit.o(.ARM.Collect$$rtexit$$00000000) for __rt_exit
    defsig_fpe_outer.o(.text) refers to defsig_fpe_inner.o(.text) for __rt_SIGFPE_inner
    defsig_fpe_outer.o(.text) refers to defsig_exit.o(.text) for __sig_exit
    defsig_fpe_formal.o(.text) refers to rt_raise.o(.text) for __rt_raise
    libinit.o(.ARM.Collect$$libinit$$00000000) refers (Special) to libinit2.o(.ARM.Collect$$libinit$$0000002E) for __rt_lib_init_alloca_1
    libinit.o(.ARM.Collect$$libinit$$00000000) refers (Special) to libinit2.o(.ARM.Collect$$libinit$$0000002C) for __rt_lib_init_argv_1
    libinit.o(.ARM.Collect$$libinit$$00000000) refers (Special) to libinit2.o(.ARM.Collect$$libinit$$0000001B) for __rt_lib_init_atexit_1
    libinit.o(.ARM.Collect$$libinit$$00000000) refers (Special) to libinit2.o(.ARM.Collect$$libinit$$00000021) for __rt_lib_init_clock_1
    libinit.o(.ARM.Collect$$libinit$$00000000) refers (Special) to libinit2.o(.ARM.Collect$$libinit$$00000032) for __rt_lib_init_cpp_1
    libinit.o(.ARM.Collect$$libinit$$00000000) refers (Special) to libinit2.o(.ARM.Collect$$libinit$$00000030) for __rt_lib_init_exceptions_1
    libinit.o(.ARM.Collect$$libinit$$00000000) refers (Special) to libinit2.o(.ARM.Collect$$libinit$$00000002) for __rt_lib_init_fp_1
    libinit.o(.ARM.Collect$$libinit$$00000000) refers (Special) to libinit2.o(.ARM.Collect$$libinit$$0000001F) for __rt_lib_init_fp_trap_1
    libinit.o(.ARM.Collect$$libinit$$00000000) refers (Special) to libinit2.o(.ARM.Collect$$libinit$$00000023) for __rt_lib_init_getenv_1
    libinit.o(.ARM.Collect$$libinit$$00000000) refers (Special) to libinit2.o(.ARM.Collect$$libinit$$0000000A) for __rt_lib_init_heap_1
    libinit.o(.ARM.Collect$$libinit$$00000000) refers (Special) to libinit2.o(.ARM.Collect$$libinit$$00000011) for __rt_lib_init_lc_collate_1
    libinit.o(.ARM.Collect$$libinit$$00000000) refers (Special) to libinit2.o(.ARM.Collect$$libinit$$00000013) for __rt_lib_init_lc_ctype_1
    libinit.o(.ARM.Collect$$libinit$$00000000) refers (Special) to libinit2.o(.ARM.Collect$$libinit$$00000015) for __rt_lib_init_lc_monetary_1
    libinit.o(.ARM.Collect$$libinit$$00000000) refers (Special) to libinit2.o(.ARM.Collect$$libinit$$00000017) for __rt_lib_init_lc_numeric_1
    libinit.o(.ARM.Collect$$libinit$$00000000) refers (Special) to libinit2.o(.ARM.Collect$$libinit$$00000019) for __rt_lib_init_lc_time_1
    libinit.o(.ARM.Collect$$libinit$$00000000) refers (Special) to libinit2.o(.ARM.Collect$$libinit$$00000004) for __rt_lib_init_preinit_1
    libinit.o(.ARM.Collect$$libinit$$00000000) refers (Special) to libinit2.o(.ARM.Collect$$libinit$$0000000E) for __rt_lib_init_rand_1
    libinit.o(.ARM.Collect$$libinit$$00000000) refers (Special) to libinit2.o(.ARM.Collect$$libinit$$00000033) for __rt_lib_init_return
    libinit.o(.ARM.Collect$$libinit$$00000000) refers (Special) to libinit2.o(.ARM.Collect$$libinit$$0000001D) for __rt_lib_init_signal_1
    libinit.o(.ARM.Collect$$libinit$$00000000) refers (Special) to libinit2.o(.ARM.Collect$$libinit$$00000025) for __rt_lib_init_stdio_1
    libinit.o(.ARM.Collect$$libinit$$00000000) refers (Special) to libinit2.o(.ARM.Collect$$libinit$$0000000C) for __rt_lib_init_user_alloc_1
    libspace.o(.text) refers to libspace.o(.bss) for __libspace_start
    rtexit.o(.ARM.Collect$$rtexit$$00000000) refers (Special) to rtexit2.o(.ARM.Collect$$rtexit$$00000004) for __rt_exit_exit
    rtexit.o(.ARM.Collect$$rtexit$$00000000) refers (Special) to rtexit2.o(.ARM.Collect$$rtexit$$00000003) for __rt_exit_ls
    rtexit.o(.ARM.Collect$$rtexit$$00000000) refers (Special) to rtexit2.o(.ARM.Collect$$rtexit$$00000002) for __rt_exit_prels_1
    rtexit.o(.ARM.exidx) refers (Special) to rtexit2.o(.ARM.Collect$$rtexit$$00000004) for __rt_exit_exit
    rtexit.o(.ARM.exidx) refers (Special) to rtexit2.o(.ARM.Collect$$rtexit$$00000003) for __rt_exit_ls
    rtexit.o(.ARM.exidx) refers (Special) to rtexit2.o(.ARM.Collect$$rtexit$$00000002) for __rt_exit_prels_1
    rtexit.o(.ARM.exidx) refers to rtexit.o(.ARM.Collect$$rtexit$$00000000) for .ARM.Collect$$rtexit$$00000000
    rt_raise.o(.text) refers to __raise.o(.text) for __raise
    rt_raise.o(.text) refers to sys_exit.o(.text) for _sys_exit
    defsig_exit.o(.text) refers to sys_exit.o(.text) for _sys_exit
    defsig_fpe_inner.o(.text) refers to defsig_general.o(.text) for __default_signal_display
    libinit2.o(.ARM.Collect$$libinit$$00000001) refers to fpinit.o(x$fpl$fpinit) for _fp_init
    libinit2.o(.ARM.Collect$$libinit$$00000010) refers to libinit2.o(.ARM.Collect$$libinit$$0000000F) for .ARM.Collect$$libinit$$0000000F
    libinit2.o(.ARM.Collect$$libinit$$00000012) refers to libinit2.o(.ARM.Collect$$libinit$$0000000F) for .ARM.Collect$$libinit$$0000000F
    libinit2.o(.ARM.Collect$$libinit$$00000014) refers to libinit2.o(.ARM.Collect$$libinit$$0000000F) for .ARM.Collect$$libinit$$0000000F
    libinit2.o(.ARM.Collect$$libinit$$00000016) refers to libinit2.o(.ARM.Collect$$libinit$$0000000F) for .ARM.Collect$$libinit$$0000000F
    libinit2.o(.ARM.Collect$$libinit$$00000018) refers to libinit2.o(.ARM.Collect$$libinit$$0000000F) for .ARM.Collect$$libinit$$0000000F
    libinit2.o(.ARM.Collect$$libinit$$00000026) refers to argv_veneer.o(.emb_text) for __ARM_argv_veneer
    libinit2.o(.ARM.Collect$$libinit$$00000027) refers to argv_veneer.o(.emb_text) for __ARM_argv_veneer
    sys_exit.o(.text) refers (Special) to use_no_semi.o(.text) for __I$use$semihosting
    sys_exit.o(.text) refers (Special) to indicate_semi.o(.text) for __semihosting_library_function
    rtexit2.o(.ARM.Collect$$rtexit$$00000003) refers to libshutdown.o(.ARM.Collect$$libshutdown$$00000000) for __rt_lib_shutdown
    rtexit2.o(.ARM.Collect$$rtexit$$00000004) refers to sys_exit.o(.text) for _sys_exit
    rtexit2.o(.ARM.exidx) refers to rtexit2.o(.ARM.Collect$$rtexit$$00000001) for .ARM.Collect$$rtexit$$00000001
    rtexit2.o(.ARM.exidx) refers to rtexit2.o(.ARM.Collect$$rtexit$$00000003) for .ARM.Collect$$rtexit$$00000003
    rtexit2.o(.ARM.exidx) refers to rtexit2.o(.ARM.Collect$$rtexit$$00000004) for .ARM.Collect$$rtexit$$00000004
    __raise.o(.text) refers to __printf.o(i.__ARM_common_call_via_r2) for __ARM_common_call_via_r2
    __raise.o(.text) refers to defsig.o(CL$$defsig) for __default_signal_handler
    defsig_general.o(.text) refers to sys_wrch.o(.text) for _ttywrch
    argv_veneer.o(.emb_text) refers to no_argv.o(.text) for __ARM_get_argv
    sys_wrch.o(.text) refers (Special) to use_no_semi.o(.text) for __I$use$semihosting
    sys_wrch.o(.text) refers (Special) to indicate_semi.o(.text) for __semihosting_library_function
    defsig.o(CL$$defsig) refers to defsig_fpe_inner.o(.text) for __rt_SIGFPE_inner
    defsig.o(CL$$defsig) refers to defsig_rtmem_inner.o(.text) for __rt_SIGRTMEM_inner
    _get_argv_nomalloc.o(.text) refers (Special) to hrguard.o(.text) for __heap_region$guard
    _get_argv_nomalloc.o(.text) refers to defsig_rtmem_outer.o(.text) for __rt_SIGRTMEM
    _get_argv_nomalloc.o(.text) refers to sys_command.o(.text) for _sys_command_string
    libshutdown.o(.ARM.Collect$$libshutdown$$00000000) refers (Special) to libshutdown2.o(.ARM.Collect$$libshutdown$$00000002) for __rt_lib_shutdown_cpp_1
    libshutdown.o(.ARM.Collect$$libshutdown$$00000000) refers (Special) to libshutdown2.o(.ARM.Collect$$libshutdown$$00000007) for __rt_lib_shutdown_fp_trap_1
    libshutdown.o(.ARM.Collect$$libshutdown$$00000000) refers (Special) to libshutdown2.o(.ARM.Collect$$libshutdown$$0000000F) for __rt_lib_shutdown_heap_1
    libshutdown.o(.ARM.Collect$$libshutdown$$00000000) refers (Special) to libshutdown2.o(.ARM.Collect$$libshutdown$$00000010) for __rt_lib_shutdown_return
    libshutdown.o(.ARM.Collect$$libshutdown$$00000000) refers (Special) to libshutdown2.o(.ARM.Collect$$libshutdown$$0000000A) for __rt_lib_shutdown_signal_1
    libshutdown.o(.ARM.Collect$$libshutdown$$00000000) refers (Special) to libshutdown2.o(.ARM.Collect$$libshutdown$$00000004) for __rt_lib_shutdown_stdio_1
    libshutdown.o(.ARM.Collect$$libshutdown$$00000000) refers (Special) to libshutdown2.o(.ARM.Collect$$libshutdown$$0000000C) for __rt_lib_shutdown_user_alloc_1
    sys_command.o(.text) refers (Special) to use_no_semi.o(.text) for __I$use$semihosting
    sys_command.o(.text) refers (Special) to indicate_semi.o(.text) for __semihosting_library_function
    defsig_abrt_inner.o(.text) refers to defsig_general.o(.text) for __default_signal_display
    defsig_rtred_inner.o(.text) refers to defsig_general.o(.text) for __default_signal_display
    defsig_rtmem_inner.o(.text) refers to defsig_general.o(.text) for __default_signal_display
    defsig_rtmem_outer.o(.text) refers to defsig_rtmem_inner.o(.text) for __rt_SIGRTMEM_inner
    defsig_rtmem_outer.o(.text) refers to defsig_exit.o(.text) for __sig_exit
    defsig_rtmem_formal.o(.text) refers to rt_raise.o(.text) for __rt_raise
    defsig_stak_inner.o(.text) refers to defsig_general.o(.text) for __default_signal_display
    defsig_pvfn_inner.o(.text) refers to defsig_general.o(.text) for __default_signal_display
    defsig_cppl_inner.o(.text) refers to defsig_general.o(.text) for __default_signal_display
    defsig_segv_inner.o(.text) refers to defsig_general.o(.text) for __default_signal_display
    defsig_other.o(.text) refers to defsig_general.o(.text) for __default_signal_display


==============================================================================

Removing Unused input sections from the image.

    Removing delay.o(i.delay_us), (4 bytes).
    Removing gpio.o(i.gpio_pin_mode), (328 bytes).
    Removing gpio.o(i.gpio_pin_read), (80 bytes).
    Removing gpio.o(i.gpio_pin_write), (172 bytes).
    Removing lcd.o(i.lcd_clear), (36 bytes).
    Removing lcd.o(i.lcd_clk), (4 bytes).
    Removing lcd.o(i.lcd_goto_xy), (72 bytes).
    Removing lcd.o(i.lcd_init), (240 bytes).
    Removing lcd.o(i.lcd_nibble), (96 bytes).
    Removing lcd.o(i.lcd_print), (108 bytes).
    Removing lcd.o(i.lcd_print_xy), (44 bytes).
    Removing lcd.o(i.lcd_send), (200 bytes).
    Removing lcd.o(.data), (6 bytes).
    Removing nstring.o(i.float_to_asci), (372 bytes).
    Removing nstring.o(i.int_to_asci), (172 bytes).
    Removing nstring.o(i.str_cat), (84 bytes).
    Removing nstring.o(i.str_cmp), (108 bytes).
    Removing nstring.o(i.str_len), (32 bytes).
    Removing nstring.o(i.str_lwr), (68 bytes).
    Removing nstring.o(i.str_ncmp), (108 bytes).
    Removing nstring.o(i.str_ncpy), (44 bytes).
    Removing nstring.o(i.str_rev), (76 bytes).
    Removing nstring.o(i.str_upr), (68 bytes).
    Removing serial.o(i.serial0_available), (164 bytes).
    Removing serial.o(i.serial0_flush), (32 bytes).
    Removing serial.o(i.serial0_read), (152 bytes).
    Removing serial.o(i.serial0_responce), (100 bytes).
    Removing irq.o(i.DefaultVICHandler), (16 bytes).
    Removing irq.o(i.init_VIC), (100 bytes).
    Removing irq.o(i.uninstall_irq), (152 bytes).
    Removing adc.o(i.adc0_init), (48 bytes).
    Removing adc.o(i.adc0_read), (72 bytes).
    Removing demo.o(i.adc_test), (200 bytes).
    Removing demo.o(i.gpio_test), (60 bytes).
    Removing demo.o(i.lcd_test), (116 bytes).
    Removing demo.o(i.serial_test), (60 bytes).

36 unused section(s) (total 3794 bytes) removed from the image.

==============================================================================

Adding Veneers to the image

    Adding AT veneer (8 bytes, Inline) for call to '__rt_lib_init' from __rtentry2.o(.ARM.Collect$$rtentry$$0000000A).
    Adding AT veneer (8 bytes, Inline) for call to '__rt_lib_shutdown' from rtexit2.o(.ARM.Collect$$rtexit$$00000003).
    Adding TA veneer (4 bytes, Inline) for call to '__rt_exit' from exit.o(.text).
    Adding AT veneer (8 bytes, Inline) for call to '_sys_exit' from rtexit2.o(.ARM.Collect$$rtexit$$00000004).

4 Veneer(s) (total 28 bytes) added to the image.

==============================================================================

Image Symbol Table

    Local Symbols

    Symbol Name                              Value     Ov Type        Size  Object(Section)

    RESET                                    0x00000000   Section      272  startup.o(RESET)
    ../clib/angel/boardlib.s                 0x00000000   Number         0  boardinit2.o ABSOLUTE
    ../clib/angel/boardlib.s                 0x00000000   Number         0  boardinit3.o ABSOLUTE
    ../clib/angel/boardlib.s                 0x00000000   Number         0  boardinit1.o ABSOLUTE
    ../clib/angel/boardlib.s                 0x00000000   Number         0  boardshut.o ABSOLUTE
    ../clib/angel/handlers.s                 0x00000000   Number         0  __scatter_copy.o ABSOLUTE
    ../clib/angel/handlers.s                 0x00000000   Number         0  __scatter_zi.o ABSOLUTE
    ../clib/angel/kernel.s                   0x00000000   Number         0  __rtentry2.o ABSOLUTE
    ../clib/angel/kernel.s                   0x00000000   Number         0  __rtentry.o ABSOLUTE
    ../clib/angel/kernel.s                   0x00000000   Number         0  __rtentry4.o ABSOLUTE
    ../clib/angel/kernel.s                   0x00000000   Number         0  rtexit.o ABSOLUTE
    ../clib/angel/kernel.s                   0x00000000   Number         0  rtexit2.o ABSOLUTE
    ../clib/angel/rt.s                       0x00000000   Number         0  aeabi_idiv0.o ABSOLUTE
    ../clib/angel/rt.s                       0x00000000   Number         0  rt_raise.o ABSOLUTE
    ../clib/angel/rt.s                       0x00000000   Number         0  aeabi_ldiv0_sigfpe.o ABSOLUTE
    ../clib/angel/rt.s                       0x00000000   Number         0  aeabi_ldiv0.o ABSOLUTE
    ../clib/angel/rt.s                       0x00000000   Number         0  aeabi_idiv0_sigfpe.o ABSOLUTE
    ../clib/angel/rt.s                       0x00000000   Number         0  rt_div0.o ABSOLUTE
    ../clib/angel/scatter.s                  0x00000000   Number         0  __scatter.o ABSOLUTE
    ../clib/angel/startup.s                  0x00000000   Number         0  __main.o ABSOLUTE
    ../clib/angel/sys.s                      0x00000000   Number         0  indicate_semi.o ABSOLUTE
    ../clib/angel/sys.s                      0x00000000   Number         0  libspace.o ABSOLUTE
    ../clib/angel/sys.s                      0x00000000   Number         0  use_no_semi.o ABSOLUTE
    ../clib/angel/sys.s                      0x00000000   Number         0  sys_stackheap_outer.o ABSOLUTE
    ../clib/angel/sysapp.c                   0x00000000   Number         0  sys_exit.o ABSOLUTE
    ../clib/angel/sysapp.c                   0x00000000   Number         0  sys_command.o ABSOLUTE
    ../clib/angel/sysapp.c                   0x00000000   Number         0  sys_wrch.o ABSOLUTE
    ../clib/armsys.c                         0x00000000   Number         0  no_argv.o ABSOLUTE
    ../clib/armsys.c                         0x00000000   Number         0  argv_veneer.o ABSOLUTE
    ../clib/armsys.c                         0x00000000   Number         0  _get_argv_nomalloc.o ABSOLUTE
    ../clib/armsys.c                         0x00000000   Number         0  argv_veneer.o ABSOLUTE
    ../clib/division.s                       0x00000000   Number         0  rtudiv10.o ABSOLUTE
    ../clib/division.s                       0x00000000   Number         0  aeabi_sdiv.o ABSOLUTE
    ../clib/division.s                       0x00000000   Number         0  aeabi_sdiv_div0.o ABSOLUTE
    ../clib/divrt.s                          0x00000000   Number         0  divrt_7tdmi_div0.o ABSOLUTE
    ../clib/divrt.s                          0x00000000   Number         0  divrt_7tdmi.o ABSOLUTE
    ../clib/heapalloc.c                      0x00000000   Number         0  hrguard.o ABSOLUTE
    ../clib/heapaux.c                        0x00000000   Number         0  heapauxi.o ABSOLUTE
    ../clib/libinit.s                        0x00000000   Number         0  libshutdown.o ABSOLUTE
    ../clib/libinit.s                        0x00000000   Number         0  libinit2.o ABSOLUTE
    ../clib/libinit.s                        0x00000000   Number         0  libshutdown2.o ABSOLUTE
    ../clib/libinit.s                        0x00000000   Number         0  libinit.o ABSOLUTE
    ../clib/longlong.s                       0x00000000   Number         0  lludiv.o ABSOLUTE
    ../clib/misc.s                           0x00000000   Number         0  printf_stubs.o ABSOLUTE
    ../clib/printf.c                         0x00000000   Number         0  __printf_flags_wp.o ABSOLUTE
    ../clib/printf.c                         0x00000000   Number         0  __printf_ss_wp.o ABSOLUTE
    ../clib/printf.c                         0x00000000   Number         0  __printf_flags_ss_wp.o ABSOLUTE
    ../clib/printf.c                         0x00000000   Number         0  _sputc.o ABSOLUTE
    ../clib/printf.c                         0x00000000   Number         0  _printf_char_common.o ABSOLUTE
    ../clib/printf.c                         0x00000000   Number         0  _printf_intcommon.o ABSOLUTE
    ../clib/printf.c                         0x00000000   Number         0  __printf.o ABSOLUTE
    ../clib/printf.c                         0x00000000   Number         0  __printf_nopercent.o ABSOLUTE
    ../clib/printf.c                         0x00000000   Number         0  __printf_flags.o ABSOLUTE
    ../clib/printf.c                         0x00000000   Number         0  _printf_dec.o ABSOLUTE
    ../clib/printf.c                         0x00000000   Number         0  __printf_ss.o ABSOLUTE
    ../clib/printf.c                         0x00000000   Number         0  __printf_flags_ss.o ABSOLUTE
    ../clib/printf.c                         0x00000000   Number         0  __2sprintf.o ABSOLUTE
    ../clib/printf.c                         0x00000000   Number         0  noretval__2sprintf.o ABSOLUTE
    ../clib/printf.c                         0x00000000   Number         0  __printf_wp.o ABSOLUTE
    ../clib/printf.c                         0x00000000   Number         0  _printf_pad.o ABSOLUTE
    ../clib/printf_percent.s                 0x00000000   Number         0  _printf_percent.o ABSOLUTE
    ../clib/printf_percent.s                 0x00000000   Number         0  _printf_d.o ABSOLUTE
    ../clib/printf_percent.s                 0x00000000   Number         0  _printf_percent_end.o ABSOLUTE
    ../clib/signal.c                         0x00000000   Number         0  defsig_rtmem_formal.o ABSOLUTE
    ../clib/signal.c                         0x00000000   Number         0  __raise.o ABSOLUTE
    ../clib/signal.c                         0x00000000   Number         0  defsig_general.o ABSOLUTE
    ../clib/signal.c                         0x00000000   Number         0  defsig_abrt_inner.o ABSOLUTE
    ../clib/signal.c                         0x00000000   Number         0  defsig_rtred_inner.o ABSOLUTE
    ../clib/signal.c                         0x00000000   Number         0  defsig_rtmem_inner.o ABSOLUTE
    ../clib/signal.c                         0x00000000   Number         0  defsig_rtmem_outer.o ABSOLUTE
    ../clib/signal.c                         0x00000000   Number         0  defsig_stak_inner.o ABSOLUTE
    ../clib/signal.c                         0x00000000   Number         0  defsig_pvfn_inner.o ABSOLUTE
    ../clib/signal.c                         0x00000000   Number         0  defsig_cppl_inner.o ABSOLUTE
    ../clib/signal.c                         0x00000000   Number         0  defsig_segv_inner.o ABSOLUTE
    ../clib/signal.c                         0x00000000   Number         0  defsig_other.o ABSOLUTE
    ../clib/signal.c                         0x00000000   Number         0  defsig_fpe_inner.o ABSOLUTE
    ../clib/signal.c                         0x00000000   Number         0  defsig_exit.o ABSOLUTE
    ../clib/signal.c                         0x00000000   Number         0  defsig_fpe_formal.o ABSOLUTE
    ../clib/signal.c                         0x00000000   Number         0  defsig_fpe_outer.o ABSOLUTE
    ../clib/signal.s                         0x00000000   Number         0  defsig.o ABSOLUTE
    ../clib/stdlib.c                         0x00000000   Number         0  exit.o ABSOLUTE
    ../fplib/fcmpi.s                         0x00000000   Number         0  fcmpi.o ABSOLUTE
    ../fplib/ffix.s                          0x00000000   Number         0  ffix.o ABSOLUTE
    ../fplib/fleqf.s                         0x00000000   Number         0  fleqf.o ABSOLUTE
    ../fplib/fmul.s                          0x00000000   Number         0  fmul.o ABSOLUTE
    ../fplib/fnaninf.s                       0x00000000   Number         0  fnaninf.o ABSOLUTE
    ../fplib/fpinit.s                        0x00000000   Number         0  fpinit.o ABSOLUTE
    ../fplib/fretinf.s                       0x00000000   Number         0  fretinf.o ABSOLUTE
    ../fplib/usenofp.s                       0x00000000   Number         0  usenofp.o ABSOLUTE
    Nstring.c                                0x00000000   Number         0  nstring.o ABSOLUTE
    Startup.s                                0x00000000   Number         0  startup.o ABSOLUTE
    adc.c                                    0x00000000   Number         0  adc.o ABSOLUTE
    dc.s                                     0x00000000   Number         0  dc.o ABSOLUTE
    delay.c                                  0x00000000   Number         0  delay.o ABSOLUTE
    demo.c                                   0x00000000   Number         0  demo.o ABSOLUTE
    gpio.c                                   0x00000000   Number         0  gpio.o ABSOLUTE
    gsm.c                                    0x00000000   Number         0  gsm.o ABSOLUTE
    irq.c                                    0x00000000   Number         0  irq.o ABSOLUTE
    lcd.c                                    0x00000000   Number         0  lcd.o ABSOLUTE
    main.c                                   0x00000000   Number         0  main.o ABSOLUTE
    serial.c                                 0x00000000   Number         0  serial.o ABSOLUTE
    Undef_Handler                            0x00000040   ARM Code       4  startup.o(RESET)
    SWI_Handler                              0x00000044   ARM Code       4  startup.o(RESET)
    PAbt_Handler                             0x00000048   ARM Code       4  startup.o(RESET)
    DAbt_Handler                             0x0000004c   ARM Code       4  startup.o(RESET)
    IRQ_Handler                              0x00000050   ARM Code       4  startup.o(RESET)
    FIQ_Handler                              0x00000054   ARM Code       4  startup.o(RESET)
    !!!main                                  0x00000110   Section        8  __main.o(!!!main)
    !!!scatter                               0x00000118   Section       60  __scatter.o(!!!scatter)
    !!handler_copy                           0x00000154   Section       40  __scatter_copy.o(!!handler_copy)
    !!handler_zi                             0x0000017c   Section       44  __scatter_zi.o(!!handler_zi)
    .ARM.Collect$$libinit$$00000000          0x000001b0   Section        2  libinit.o(.ARM.Collect$$libinit$$00000000)
    .ARM.Collect$$libinit$$00000002          0x000001b2   Section        0  libinit2.o(.ARM.Collect$$libinit$$00000002)
    .ARM.Collect$$libinit$$00000004          0x000001b2   Section        0  libinit2.o(.ARM.Collect$$libinit$$00000004)
    .ARM.Collect$$libinit$$0000000A          0x000001b2   Section        0  libinit2.o(.ARM.Collect$$libinit$$0000000A)
    .ARM.Collect$$libinit$$0000000C          0x000001b2   Section        0  libinit2.o(.ARM.Collect$$libinit$$0000000C)
    .ARM.Collect$$libinit$$0000000E          0x000001b2   Section        0  libinit2.o(.ARM.Collect$$libinit$$0000000E)
    .ARM.Collect$$libinit$$00000011          0x000001b2   Section        0  libinit2.o(.ARM.Collect$$libinit$$00000011)
    .ARM.Collect$$libinit$$00000013          0x000001b2   Section        0  libinit2.o(.ARM.Collect$$libinit$$00000013)
    .ARM.Collect$$libinit$$00000015          0x000001b2   Section        0  libinit2.o(.ARM.Collect$$libinit$$00000015)
    .ARM.Collect$$libinit$$00000017          0x000001b2   Section        0  libinit2.o(.ARM.Collect$$libinit$$00000017)
    .ARM.Collect$$libinit$$00000019          0x000001b2   Section        0  libinit2.o(.ARM.Collect$$libinit$$00000019)
    .ARM.Collect$$libinit$$0000001B          0x000001b2   Section        0  libinit2.o(.ARM.Collect$$libinit$$0000001B)
    .ARM.Collect$$libinit$$0000001D          0x000001b2   Section        0  libinit2.o(.ARM.Collect$$libinit$$0000001D)
    .ARM.Collect$$libinit$$0000001F          0x000001b2   Section        0  libinit2.o(.ARM.Collect$$libinit$$0000001F)
    .ARM.Collect$$libinit$$00000021          0x000001b2   Section        0  libinit2.o(.ARM.Collect$$libinit$$00000021)
    .ARM.Collect$$libinit$$00000023          0x000001b2   Section        0  libinit2.o(.ARM.Collect$$libinit$$00000023)
    .ARM.Collect$$libinit$$00000025          0x000001b2   Section        0  libinit2.o(.ARM.Collect$$libinit$$00000025)
    .ARM.Collect$$libinit$$0000002C          0x000001b2   Section        0  libinit2.o(.ARM.Collect$$libinit$$0000002C)
    .ARM.Collect$$libinit$$0000002E          0x000001b2   Section        0  libinit2.o(.ARM.Collect$$libinit$$0000002E)
    .ARM.Collect$$libinit$$00000030          0x000001b2   Section        0  libinit2.o(.ARM.Collect$$libinit$$00000030)
    .ARM.Collect$$libinit$$00000032          0x000001b2   Section        0  libinit2.o(.ARM.Collect$$libinit$$00000032)
    .ARM.Collect$$libinit$$00000033          0x000001b2   Section       12  libinit2.o(.ARM.Collect$$libinit$$00000033)
    .ARM.Collect$$libshutdown$$00000000      0x000001c8   Section        4  libshutdown.o(.ARM.Collect$$libshutdown$$00000000)
    .ARM.Collect$$libshutdown$$00000002      0x000001cc   Section        0  libshutdown2.o(.ARM.Collect$$libshutdown$$00000002)
    .ARM.Collect$$libshutdown$$00000004      0x000001cc   Section        0  libshutdown2.o(.ARM.Collect$$libshutdown$$00000004)
    .ARM.Collect$$libshutdown$$00000007      0x000001cc   Section        0  libshutdown2.o(.ARM.Collect$$libshutdown$$00000007)
    .ARM.Collect$$libshutdown$$0000000A      0x000001cc   Section        0  libshutdown2.o(.ARM.Collect$$libshutdown$$0000000A)
    .ARM.Collect$$libshutdown$$0000000C      0x000001cc   Section        0  libshutdown2.o(.ARM.Collect$$libshutdown$$0000000C)
    .ARM.Collect$$libshutdown$$0000000F      0x000001cc   Section        0  libshutdown2.o(.ARM.Collect$$libshutdown$$0000000F)
    .ARM.Collect$$libshutdown$$00000010      0x000001cc   Section        6  libshutdown2.o(.ARM.Collect$$libshutdown$$00000010)
    .ARM.Collect$$rtentry$$00000000          0x000001d4   Section        0  __rtentry.o(.ARM.Collect$$rtentry$$00000000)
    .ARM.Collect$$rtentry$$00000002          0x000001d4   Section        0  __rtentry2.o(.ARM.Collect$$rtentry$$00000002)
    .ARM.Collect$$rtentry$$00000004          0x000001d4   Section        8  __rtentry4.o(.ARM.Collect$$rtentry$$00000004)
    .ARM.Collect$$rtentry$$00000009          0x000001dc   Section        0  __rtentry2.o(.ARM.Collect$$rtentry$$00000009)
    .ARM.Collect$$rtentry$$0000000A          0x000001dc   Section        4  __rtentry2.o(.ARM.Collect$$rtentry$$0000000A)
    .ARM.Collect$$rtentry$$0000000C          0x000001e0   Section        0  __rtentry2.o(.ARM.Collect$$rtentry$$0000000C)
    .ARM.Collect$$rtentry$$0000000D          0x000001e0   Section       40  __rtentry2.o(.ARM.Collect$$rtentry$$0000000D)
    .ARM.Collect$$rtexit$$00000000           0x0000020c   Section        4  rtexit.o(.ARM.Collect$$rtexit$$00000000)
    .ARM.Collect$$rtexit$$00000002           0x00000210   Section        0  rtexit2.o(.ARM.Collect$$rtexit$$00000002)
    .ARM.Collect$$rtexit$$00000003           0x00000210   Section        4  rtexit2.o(.ARM.Collect$$rtexit$$00000003)
    .ARM.Collect$$rtexit$$00000004           0x00000214   Section        8  rtexit2.o(.ARM.Collect$$rtexit$$00000004)
    .text                                    0x0000021c   Section       32  startup.o(.text)
    .text                                    0x0000023c   Section      720  lludiv.o(.text)
    .text                                    0x0000050c   Section      384  aeabi_sdiv.o(.text)
    __arm_div8                               0x00000538   ARM Code       0  aeabi_sdiv.o(.text)
    __arm_div5                               0x0000055c   ARM Code       0  aeabi_sdiv.o(.text)
    __arm_div2                               0x00000580   ARM Code       0  aeabi_sdiv.o(.text)
    __arm_div_large                          0x000005bc   ARM Code       0  aeabi_sdiv.o(.text)
    .text                                    0x0000068c   Section        0  heapauxi.o(.text)
    .text                                    0x00000694   Section       96  sys_stackheap_outer.o(.text)
    .text                                    0x000006f4   Section        0  exit.o(.text)
    .text                                    0x00000708   Section       12  libspace.o(.text)
    .text                                    0x0000071c   Section        0  sys_exit.o(.text)
    .text                                    0x00000728   Section        4  use_no_semi.o(.text)
    .text                                    0x0000072c   Section        0  indicate_semi.o(.text)
    .text_udiv                               0x0000072c   Section       36  aeabi_sdiv.o(.text_udiv)
    i.Serial0Handler                         0x00000750   Section        0  serial.o(i.Serial0Handler)
    i.Serial1Handler                         0x00000834   Section        0  serial.o(i.Serial1Handler)
    i.debug                                  0x00000918   Section        0  gsm.o(i.debug)
    i.delay_ms                               0x00000944   Section        0  delay.o(i.delay_ms)
    i.gsm_cmd                                0x00000978   Section        0  gsm.o(i.gsm_cmd)
    i.gsm_init                               0x000009b4   Section        0  gsm.o(i.gsm_init)
    i.gsm_msg_read                           0x00000a30   Section        0  gsm.o(i.gsm_msg_read)
    i.gsm_msg_send                           0x00000b00   Section        0  gsm.o(i.gsm_msg_send)
    i.gsm_pname                              0x00000b88   Section        0  gsm.o(i.gsm_pname)
    i.gsm_test                               0x00000bf4   Section        0  main.o(i.gsm_test)
    i.gsm_wait                               0x00000ce4   Section        0  gsm.o(i.gsm_wait)
    i.install_irq                            0x00000d54   Section        0  irq.o(i.install_irq)
    i.main                                   0x00000de4   Section        0  main.o(i.main)
    i.serial0_buff                           0x00000de8   Section        0  serial.o(i.serial0_buff)
    i.serial0_init                           0x00000ec8   Section        0  serial.o(i.serial0_init)
    i.serial0_print                          0x00000f94   Section        0  serial.o(i.serial0_print)
    i.serial0_write                          0x00000fbc   Section        0  serial.o(i.serial0_write)
    i.serial1_available                      0x00000ffc   Section        0  serial.o(i.serial1_available)
    i.serial1_buff                           0x000010a0   Section        0  serial.o(i.serial1_buff)
    i.serial1_flush                          0x00001180   Section        0  serial.o(i.serial1_flush)
    i.serial1_init                           0x000011a0   Section        0  serial.o(i.serial1_init)
    i.serial1_print                          0x00001268   Section        0  serial.o(i.serial1_print)
    i.serial1_read                           0x00001290   Section        0  serial.o(i.serial1_read)
    i.serial1_responce                       0x00001328   Section        0  serial.o(i.serial1_responce)
    i.serial1_write                          0x0000138c   Section        0  serial.o(i.serial1_write)
    i.str_chr                                0x000013cc   Section        0  nstring.o(i.str_chr)
    i.str_cpy                                0x00001408   Section        0  nstring.o(i.str_cpy)
    i.str_rchr                               0x00001438   Section        0  nstring.o(i.str_rchr)
    i.str_str                                0x00001488   Section        0  nstring.o(i.str_str)
    .data                                    0x40000000   Section       18  serial.o(.data)
    .bss                                     0x40000014   Section     1024  serial.o(.bss)
    .bss                                     0x40000414   Section       96  libspace.o(.bss)
    HEAP                                     0x40000478   Section        0  startup.o(HEAP)
    STACK                                    0x40000478   Section     1160  startup.o(STACK)
    Heap_Mem                                 0x40000478   Data           0  startup.o(HEAP)
    Stack_Mem                                0x40000478   Data        1024  startup.o(STACK)
    Stack_Top                                0x40000900   Data           0  startup.o(STACK)

    Global Symbols

    Symbol Name                              Value     Ov Type        Size  Object(Section)

    BuildAttributes$$THM_ISAv1$ARM_ISAv4$S$PE$A:L22$X:L11$S22$IEEE1$IW$USESV6$~STKCKD$USESV7$~SHL$OSPACE$ROPI$EBA8$UX$STANDARDLIB$REQ8$PRES8$EABIv2 0x00000000   Number         0  anon$$obj.o ABSOLUTE
    __ARM_use_no_argv                        0x00000000   Number         0  main.o ABSOLUTE
    _printf_flags                            0x00000000   Number         0  printf_stubs.o ABSOLUTE
    _printf_return_value                     0x00000000   Number         0  printf_stubs.o ABSOLUTE
    _printf_sizespec                         0x00000000   Number         0  printf_stubs.o ABSOLUTE
    _printf_widthprec                        0x00000000   Number         0  printf_stubs.o ABSOLUTE
    __ARM_exceptions_init                     - Undefined Weak Reference
    __alloca_initialize                       - Undefined Weak Reference
    __arm_preinit_                            - Undefined Weak Reference
    __cpp_initialize__aeabi_                  - Undefined Weak Reference
    __cxa_finalize                            - Undefined Weak Reference
    __rt_locale                               - Undefined Weak Reference
    __sigvec_lookup                           - Undefined Weak Reference
    _atexit_init                              - Undefined Weak Reference
    _call_atexit_fns                          - Undefined Weak Reference
    _clock_init                               - Undefined Weak Reference
    _fp_trap_init                             - Undefined Weak Reference
    _fp_trap_shutdown                         - Undefined Weak Reference
    _get_lc_collate                           - Undefined Weak Reference
    _get_lc_ctype                             - Undefined Weak Reference
    _get_lc_monetary                          - Undefined Weak Reference
    _get_lc_numeric                           - Undefined Weak Reference
    _get_lc_time                              - Undefined Weak Reference
    _getenv_init                              - Undefined Weak Reference
    _handle_redirection                       - Undefined Weak Reference
    _init_alloc                               - Undefined Weak Reference
    _init_user_alloc                          - Undefined Weak Reference
    _initio                                   - Undefined Weak Reference
    _printf_truncate_signed                   - Undefined Weak Reference
    _printf_truncate_unsigned                 - Undefined Weak Reference
    _rand_init                                - Undefined Weak Reference
    _signal_finish                            - Undefined Weak Reference
    _signal_init                              - Undefined Weak Reference
    _terminate_alloc                          - Undefined Weak Reference
    _terminate_user_alloc                     - Undefined Weak Reference
    _terminateio                              - Undefined Weak Reference
    Reset_Handler                            0x00000058   ARM Code       0  startup.o(RESET)
    __main                                   0x00000110   ARM Code       8  __main.o(!!!main)
    __scatterload                            0x00000118   ARM Code       0  __scatter.o(!!!scatter)
    __scatterload_rt2                        0x00000118   ARM Code      52  __scatter.o(!!!scatter)
    __scatterload_null                       0x0000012c   ARM Code       0  __scatter.o(!!!scatter)
    __scatterload_copy                       0x00000154   ARM Code      40  __scatter_copy.o(!!handler_copy)
    __scatterload_zeroinit                   0x0000017c   ARM Code      44  __scatter_zi.o(!!handler_zi)
    Inline ARM to Thumb Veneer to __rt_lib_init 0x000001a8   ARM Code       8  libinit.o(.ARM.Collect$$libinit$$00000000)
    __rt_lib_init                            0x000001b1   Thumb Code     0  libinit.o(.ARM.Collect$$libinit$$00000000)
    __rt_lib_init_alloca_1                   0x000001b3   Thumb Code     0  libinit2.o(.ARM.Collect$$libinit$$0000002E)
    __rt_lib_init_argv_1                     0x000001b3   Thumb Code     0  libinit2.o(.ARM.Collect$$libinit$$0000002C)
    __rt_lib_init_atexit_1                   0x000001b3   Thumb Code     0  libinit2.o(.ARM.Collect$$libinit$$0000001B)
    __rt_lib_init_clock_1                    0x000001b3   Thumb Code     0  libinit2.o(.ARM.Collect$$libinit$$00000021)
    __rt_lib_init_cpp_1                      0x000001b3   Thumb Code     0  libinit2.o(.ARM.Collect$$libinit$$00000032)
    __rt_lib_init_exceptions_1               0x000001b3   Thumb Code     0  libinit2.o(.ARM.Collect$$libinit$$00000030)
    __rt_lib_init_fp_1                       0x000001b3   Thumb Code     0  libinit2.o(.ARM.Collect$$libinit$$00000002)
    __rt_lib_init_fp_trap_1                  0x000001b3   Thumb Code     0  libinit2.o(.ARM.Collect$$libinit$$0000001F)
    __rt_lib_init_getenv_1                   0x000001b3   Thumb Code     0  libinit2.o(.ARM.Collect$$libinit$$00000023)
    __rt_lib_init_heap_1                     0x000001b3   Thumb Code     0  libinit2.o(.ARM.Collect$$libinit$$0000000A)
    __rt_lib_init_lc_collate_1               0x000001b3   Thumb Code     0  libinit2.o(.ARM.Collect$$libinit$$00000011)
    __rt_lib_init_lc_ctype_1                 0x000001b3   Thumb Code     0  libinit2.o(.ARM.Collect$$libinit$$00000013)
    __rt_lib_init_lc_monetary_1              0x000001b3   Thumb Code     0  libinit2.o(.ARM.Collect$$libinit$$00000015)
    __rt_lib_init_lc_numeric_1               0x000001b3   Thumb Code     0  libinit2.o(.ARM.Collect$$libinit$$00000017)
    __rt_lib_init_lc_time_1                  0x000001b3   Thumb Code     0  libinit2.o(.ARM.Collect$$libinit$$00000019)
    __rt_lib_init_preinit_1                  0x000001b3   Thumb Code     0  libinit2.o(.ARM.Collect$$libinit$$00000004)
    __rt_lib_init_rand_1                     0x000001b3   Thumb Code     0  libinit2.o(.ARM.Collect$$libinit$$0000000E)
    __rt_lib_init_return                     0x000001b3   Thumb Code     0  libinit2.o(.ARM.Collect$$libinit$$00000033)
    __rt_lib_init_signal_1                   0x000001b3   Thumb Code     0  libinit2.o(.ARM.Collect$$libinit$$0000001D)
    __rt_lib_init_stdio_1                    0x000001b3   Thumb Code     0  libinit2.o(.ARM.Collect$$libinit$$00000025)
    __rt_lib_init_user_alloc_1               0x000001b3   Thumb Code     0  libinit2.o(.ARM.Collect$$libinit$$0000000C)
    Inline ARM to Thumb Veneer to __rt_lib_shutdown 0x000001c0   ARM Code       8  libshutdown.o(.ARM.Collect$$libshutdown$$00000000)
    __rt_lib_shutdown                        0x000001c9   Thumb Code     0  libshutdown.o(.ARM.Collect$$libshutdown$$00000000)
    __rt_lib_shutdown_cpp_1                  0x000001cd   Thumb Code     0  libshutdown2.o(.ARM.Collect$$libshutdown$$00000002)
    __rt_lib_shutdown_fp_trap_1              0x000001cd   Thumb Code     0  libshutdown2.o(.ARM.Collect$$libshutdown$$00000007)
    __rt_lib_shutdown_heap_1                 0x000001cd   Thumb Code     0  libshutdown2.o(.ARM.Collect$$libshutdown$$0000000F)
    __rt_lib_shutdown_return                 0x000001cd   Thumb Code     0  libshutdown2.o(.ARM.Collect$$libshutdown$$00000010)
    __rt_lib_shutdown_signal_1               0x000001cd   Thumb Code     0  libshutdown2.o(.ARM.Collect$$libshutdown$$0000000A)
    __rt_lib_shutdown_stdio_1                0x000001cd   Thumb Code     0  libshutdown2.o(.ARM.Collect$$libshutdown$$00000004)
    __rt_lib_shutdown_user_alloc_1           0x000001cd   Thumb Code     0  libshutdown2.o(.ARM.Collect$$libshutdown$$0000000C)
    __rt_entry                               0x000001d4   ARM Code       0  __rtentry.o(.ARM.Collect$$rtentry$$00000000)
    __rt_entry_presh_1                       0x000001d4   ARM Code       0  __rtentry2.o(.ARM.Collect$$rtentry$$00000002)
    __rt_entry_sh                            0x000001d4   ARM Code       0  __rtentry4.o(.ARM.Collect$$rtentry$$00000004)
    __rt_entry_li                            0x000001dc   ARM Code       0  __rtentry2.o(.ARM.Collect$$rtentry$$0000000A)
    __rt_entry_postsh_1                      0x000001dc   ARM Code       0  __rtentry2.o(.ARM.Collect$$rtentry$$00000009)
    __rt_entry_main                          0x000001e0   ARM Code       0  __rtentry2.o(.ARM.Collect$$rtentry$$0000000D)
    __rt_entry_postli_1                      0x000001e0   ARM Code       0  __rtentry2.o(.ARM.Collect$$rtentry$$0000000C)
    Inline Thumb to ARM Veneer to __rt_exit  0x00000209   Thumb Code     4  rtexit.o(.ARM.Collect$$rtexit$$00000000)
    __rt_exit                                0x0000020c   ARM Code       0  rtexit.o(.ARM.Collect$$rtexit$$00000000)
    __rt_exit_ls                             0x00000210   ARM Code       0  rtexit2.o(.ARM.Collect$$rtexit$$00000003)
    __rt_exit_prels_1                        0x00000210   ARM Code       0  rtexit2.o(.ARM.Collect$$rtexit$$00000002)
    __rt_exit_exit                           0x00000214   ARM Code       0  rtexit2.o(.ARM.Collect$$rtexit$$00000004)
    __user_initial_stackheap                 0x0000021c   ARM Code       0  startup.o(.text)
    __aeabi_uldivmod                         0x0000023c   ARM Code       0  lludiv.o(.text)
    _ll_udiv                                 0x0000023c   ARM Code     720  lludiv.o(.text)
    _ll_udiv_donemoving                      0x00000250   ARM Code       0  lludiv.o(.text)
    __aeabi_idiv                             0x0000050c   ARM Code       0  aeabi_sdiv.o(.text)
    __aeabi_idivmod                          0x0000050c   ARM Code     384  aeabi_sdiv.o(.text)
    __use_two_region_memory                  0x0000068d   Thumb Code     2  heapauxi.o(.text)
    __rt_heap_escrow$2region                 0x0000068f   Thumb Code     2  heapauxi.o(.text)
    __rt_heap_expand$2region                 0x00000691   Thumb Code     2  heapauxi.o(.text)
    __user_setup_stackheap                   0x00000694   ARM Code      96  sys_stackheap_outer.o(.text)
    exit                                     0x000006f5   Thumb Code    20  exit.o(.text)
    __user_libspace                          0x00000708   ARM Code      12  libspace.o(.text)
    __user_perproc_libspace                  0x00000708   ARM Code       0  libspace.o(.text)
    __user_perthread_libspace                0x00000708   ARM Code       0  libspace.o(.text)
    Inline ARM to Thumb Veneer to _sys_exit  0x00000714   ARM Code       8  sys_exit.o(.text)
    _sys_exit                                0x0000071d   Thumb Code     8  sys_exit.o(.text)
    __I$use$semihosting                      0x00000728   ARM Code       0  use_no_semi.o(.text)
    __use_no_semihosting_swi                 0x00000728   ARM Code       4  use_no_semi.o(.text)
    __aeabi_uidiv                            0x0000072c   ARM Code       0  aeabi_sdiv.o(.text_udiv)
    __aeabi_uidivmod                         0x0000072c   ARM Code      36  aeabi_sdiv.o(.text_udiv)
    __semihosting_library_function           0x0000072c   ARM Code       0  indicate_semi.o(.text)
    Serial0Handler                           0x00000750   ARM Code     220  serial.o(i.Serial0Handler)
    Serial1Handler                           0x00000834   ARM Code     220  serial.o(i.Serial1Handler)
    debug                                    0x00000918   ARM Code      40  gsm.o(i.debug)
    delay_ms                                 0x00000944   ARM Code      48  delay.o(i.delay_ms)
    gsm_cmd                                  0x00000978   ARM Code      56  gsm.o(i.gsm_cmd)
    gsm_init                                 0x000009b4   ARM Code     100  gsm.o(i.gsm_init)
    gsm_msg_read                             0x00000a30   ARM Code     192  gsm.o(i.gsm_msg_read)
    gsm_msg_send                             0x00000b00   ARM Code     120  gsm.o(i.gsm_msg_send)
    gsm_pname                                0x00000b88   ARM Code      96  gsm.o(i.gsm_pname)
    gsm_test                                 0x00000bf4   ARM Code     168  main.o(i.gsm_test)
    gsm_wait                                 0x00000ce4   ARM Code     100  gsm.o(i.gsm_wait)
    install_irq                              0x00000d54   ARM Code     140  irq.o(i.install_irq)
    main                                     0x00000de4   ARM Code       4  main.o(i.main)
    serial0_buff                             0x00000de8   ARM Code     208  serial.o(i.serial0_buff)
    serial0_init                             0x00000ec8   ARM Code     188  serial.o(i.serial0_init)
    serial0_print                            0x00000f94   ARM Code      40  serial.o(i.serial0_print)
    serial0_write                            0x00000fbc   ARM Code      60  serial.o(i.serial0_write)
    serial1_available                        0x00000ffc   ARM Code     156  serial.o(i.serial1_available)
    serial1_buff                             0x000010a0   ARM Code     208  serial.o(i.serial1_buff)
    serial1_flush                            0x00001180   ARM Code      32  serial.o(i.serial1_flush)
    serial1_init                             0x000011a0   ARM Code     184  serial.o(i.serial1_init)
    serial1_print                            0x00001268   ARM Code      40  serial.o(i.serial1_print)
    serial1_read                             0x00001290   ARM Code     140  serial.o(i.serial1_read)
    serial1_responce                         0x00001328   ARM Code     100  serial.o(i.serial1_responce)
    serial1_write                            0x0000138c   ARM Code      60  serial.o(i.serial1_write)
    str_chr                                  0x000013cc   ARM Code      60  nstring.o(i.str_chr)
    str_cpy                                  0x00001408   ARM Code      48  nstring.o(i.str_cpy)
    str_rchr                                 0x00001438   ARM Code      80  nstring.o(i.str_rchr)
    str_str                                  0x00001488   ARM Code     132  nstring.o(i.str_str)
    Region$$Table$$Base                      0x0000150c   Number         0  anon$$obj.o(Region$$Table)
    Region$$Table$$Limit                     0x0000152c   Number         0  anon$$obj.o(Region$$Table)
    rx_Buffer0_Head                          0x40000000   Data           4  serial.o(.data)
    rx_Buffer0_Tail                          0x40000004   Data           4  serial.o(.data)
    rx_Buffer1_Head                          0x40000008   Data           4  serial.o(.data)
    rx_Buffer1_Tail                          0x4000000c   Data           4  serial.o(.data)
    Serial0Status                            0x40000010   Data           1  serial.o(.data)
    Serial1Status                            0x40000011   Data           1  serial.o(.data)
    rxBuffer0                                0x40000014   Data         512  serial.o(.bss)
    rxBuffer1                                0x40000214   Data         512  serial.o(.bss)
    __libspace_start                         0x40000414   Data          96  libspace.o(.bss)
    __temporary_stack_top$libspace           0x40000474   Data           0  libspace.o(.bss)



==============================================================================

Memory Map of the image

  Image Entry point : 0x00000110

  Load Region LR_IROM1 (Base: 0x00000000, Size: 0x00001540, Max: 0x00080000, ABSOLUTE)

    Execution Region ER_IROM1 (Base: 0x00000000, Size: 0x0000152c, Max: 0x00080000, ABSOLUTE)

    Base Addr    Size         Type   Attr      Idx    E Section Name        Object

    0x00000000   0x00000110   Code   RO            3    RESET               startup.o
    0x00000110   0x00000008   Code   RO          568  * !!!main             c_t.l(__main.o)
    0x00000118   0x0000003c   Code   RO          769    !!!scatter          c_t.l(__scatter.o)
    0x00000154   0x00000028   Code   RO          771    !!handler_copy      c_t.l(__scatter_copy.o)
    0x0000017c   0x0000002c   Code   RO          773    !!handler_zi        c_t.l(__scatter_zi.o)
    0x000001a8   0x00000008   Ven    RO          639    .ARM.Collect$$libinit$$00000000  c_t.l(libinit.o)
    0x000001b0   0x00000002   Code   RO          639    .ARM.Collect$$libinit$$00000000  c_t.l(libinit.o)
    0x000001b2   0x00000000   Code   RO          652    .ARM.Collect$$libinit$$00000002  c_t.l(libinit2.o)
    0x000001b2   0x00000000   Code   RO          654    .ARM.Collect$$libinit$$00000004  c_t.l(libinit2.o)
    0x000001b2   0x00000000   Code   RO          657    .ARM.Collect$$libinit$$0000000A  c_t.l(libinit2.o)
    0x000001b2   0x00000000   Code   RO          659    .ARM.Collect$$libinit$$0000000C  c_t.l(libinit2.o)
    0x000001b2   0x00000000   Code   RO          661    .ARM.Collect$$libinit$$0000000E  c_t.l(libinit2.o)
    0x000001b2   0x00000000   Code   RO          664    .ARM.Collect$$libinit$$00000011  c_t.l(libinit2.o)
    0x000001b2   0x00000000   Code   RO          666    .ARM.Collect$$libinit$$00000013  c_t.l(libinit2.o)
    0x000001b2   0x00000000   Code   RO          668    .ARM.Collect$$libinit$$00000015  c_t.l(libinit2.o)
    0x000001b2   0x00000000   Code   RO          670    .ARM.Collect$$libinit$$00000017  c_t.l(libinit2.o)
    0x000001b2   0x00000000   Code   RO          672    .ARM.Collect$$libinit$$00000019  c_t.l(libinit2.o)
    0x000001b2   0x00000000   Code   RO          674    .ARM.Collect$$libinit$$0000001B  c_t.l(libinit2.o)
    0x000001b2   0x00000000   Code   RO          676    .ARM.Collect$$libinit$$0000001D  c_t.l(libinit2.o)
    0x000001b2   0x00000000   Code   RO          678    .ARM.Collect$$libinit$$0000001F  c_t.l(libinit2.o)
    0x000001b2   0x00000000   Code   RO          680    .ARM.Collect$$libinit$$00000021  c_t.l(libinit2.o)
    0x000001b2   0x00000000   Code   RO          682    .ARM.Collect$$libinit$$00000023  c_t.l(libinit2.o)
    0x000001b2   0x00000000   Code   RO          684    .ARM.Collect$$libinit$$00000025  c_t.l(libinit2.o)
    0x000001b2   0x00000000   Code   RO          688    .ARM.Collect$$libinit$$0000002C  c_t.l(libinit2.o)
    0x000001b2   0x00000000   Code   RO          690    .ARM.Collect$$libinit$$0000002E  c_t.l(libinit2.o)
    0x000001b2   0x00000000   Code   RO          692    .ARM.Collect$$libinit$$00000030  c_t.l(libinit2.o)
    0x000001b2   0x00000000   Code   RO          694    .ARM.Collect$$libinit$$00000032  c_t.l(libinit2.o)
    0x000001b2   0x0000000c   Code   RO          695    .ARM.Collect$$libinit$$00000033  c_t.l(libinit2.o)
    0x000001be   0x00000002   PAD
    0x000001c0   0x00000008   Ven    RO          726    .ARM.Collect$$libshutdown$$00000000  c_t.l(libshutdown.o)
    0x000001c8   0x00000004   Code   RO          726    .ARM.Collect$$libshutdown$$00000000  c_t.l(libshutdown.o)
    0x000001cc   0x00000000   Code   RO          752    .ARM.Collect$$libshutdown$$00000002  c_t.l(libshutdown2.o)
    0x000001cc   0x00000000   Code   RO          754    .ARM.Collect$$libshutdown$$00000004  c_t.l(libshutdown2.o)
    0x000001cc   0x00000000   Code   RO          757    .ARM.Collect$$libshutdown$$00000007  c_t.l(libshutdown2.o)
    0x000001cc   0x00000000   Code   RO          760    .ARM.Collect$$libshutdown$$0000000A  c_t.l(libshutdown2.o)
    0x000001cc   0x00000000   Code   RO          762    .ARM.Collect$$libshutdown$$0000000C  c_t.l(libshutdown2.o)
    0x000001cc   0x00000000   Code   RO          765    .ARM.Collect$$libshutdown$$0000000F  c_t.l(libshutdown2.o)
    0x000001cc   0x00000006   Code   RO          766    .ARM.Collect$$libshutdown$$00000010  c_t.l(libshutdown2.o)
    0x000001d2   0x00000002   PAD
    0x000001d4   0x00000000   Code   RO          578    .ARM.Collect$$rtentry$$00000000  c_t.l(__rtentry.o)
    0x000001d4   0x00000000   Code   RO          604    .ARM.Collect$$rtentry$$00000002  c_t.l(__rtentry2.o)
    0x000001d4   0x00000008   Code   RO          616    .ARM.Collect$$rtentry$$00000004  c_t.l(__rtentry4.o)
    0x000001dc   0x00000000   Code   RO          606    .ARM.Collect$$rtentry$$00000009  c_t.l(__rtentry2.o)
    0x000001dc   0x00000004   Code   RO          607    .ARM.Collect$$rtentry$$0000000A  c_t.l(__rtentry2.o)
    0x000001e0   0x00000000   Code   RO          609    .ARM.Collect$$rtentry$$0000000C  c_t.l(__rtentry2.o)
    0x000001e0   0x00000028   Code   RO          610    .ARM.Collect$$rtentry$$0000000D  c_t.l(__rtentry2.o)
    0x00000208   0x00000004   Ven    RO          643    .ARM.Collect$$rtexit$$00000000  c_t.l(rtexit.o)
    0x0000020c   0x00000004   Code   RO          643    .ARM.Collect$$rtexit$$00000000  c_t.l(rtexit.o)
    0x00000210   0x00000000   Code   RO          699    .ARM.Collect$$rtexit$$00000002  c_t.l(rtexit2.o)
    0x00000210   0x00000004   Code   RO          700    .ARM.Collect$$rtexit$$00000003  c_t.l(rtexit2.o)
    0x00000214   0x00000008   Code   RO          701    .ARM.Collect$$rtexit$$00000004  c_t.l(rtexit2.o)
    0x0000021c   0x00000020   Code   RO            4    .text               startup.o
    0x0000023c   0x000002d0   Code   RO          512    .text               c_t.l(lludiv.o)
    0x0000050c   0x00000180   Code   RO          550    .text               c_t.l(aeabi_sdiv.o)
    0x0000068c   0x00000006   Code   RO          566    .text               c_t.l(heapauxi.o)
    0x00000692   0x00000002   PAD
    0x00000694   0x00000060   Code   RO          626    .text               c_t.l(sys_stackheap_outer.o)
    0x000006f4   0x00000014   Code   RO          628    .text               c_t.l(exit.o)
    0x00000708   0x0000000c   Code   RO          640    .text               c_t.l(libspace.o)
    0x00000714   0x00000008   Ven    RO          696    .text               c_t.l(sys_exit.o)
    0x0000071c   0x0000000c   Code   RO          696    .text               c_t.l(sys_exit.o)
    0x00000728   0x00000004   Code   RO          715    .text               c_t.l(use_no_semi.o)
    0x0000072c   0x00000000   Code   RO          717    .text               c_t.l(indicate_semi.o)
    0x0000072c   0x00000024   Code   RO          551    .text_udiv          c_t.l(aeabi_sdiv.o)
    0x00000750   0x000000e4   Code   RO          219    i.Serial0Handler    serial.o
    0x00000834   0x000000e4   Code   RO          220    i.Serial1Handler    serial.o
    0x00000918   0x0000002c   Code   RO          403    i.debug             gsm.o
    0x00000944   0x00000034   Code   RO           11    i.delay_ms          delay.o
    0x00000978   0x0000003c   Code   RO          404    i.gsm_cmd           gsm.o
    0x000009b4   0x0000007c   Code   RO          405    i.gsm_init          gsm.o
    0x00000a30   0x000000d0   Code   RO          406    i.gsm_msg_read      gsm.o
    0x00000b00   0x00000088   Code   RO          407    i.gsm_msg_send      gsm.o
    0x00000b88   0x0000006c   Code   RO          408    i.gsm_pname         gsm.o
    0x00000bf4   0x000000f0   Code   RO          458    i.gsm_test          main.o
    0x00000ce4   0x00000070   Code   RO          409    i.gsm_wait          gsm.o
    0x00000d54   0x00000090   Code   RO          354    i.install_irq       irq.o
    0x00000de4   0x00000004   Code   RO          459    i.main              main.o
    0x00000de8   0x000000e0   Code   RO          222    i.serial0_buff      serial.o
    0x00000ec8   0x000000cc   Code   RO          224    i.serial0_init      serial.o
    0x00000f94   0x00000028   Code   RO          225    i.serial0_print     serial.o
    0x00000fbc   0x00000040   Code   RO          228    i.serial0_write     serial.o
    0x00000ffc   0x000000a4   Code   RO          229    i.serial1_available  serial.o
    0x000010a0   0x000000e0   Code   RO          230    i.serial1_buff      serial.o
    0x00001180   0x00000020   Code   RO          231    i.serial1_flush     serial.o
    0x000011a0   0x000000c8   Code   RO          232    i.serial1_init      serial.o
    0x00001268   0x00000028   Code   RO          233    i.serial1_print     serial.o
    0x00001290   0x00000098   Code   RO          234    i.serial1_read      serial.o
    0x00001328   0x00000064   Code   RO          235    i.serial1_responce  serial.o
    0x0000138c   0x00000040   Code   RO          236    i.serial1_write     serial.o
    0x000013cc   0x0000003c   Code   RO          129    i.str_chr           nstring.o
    0x00001408   0x00000030   Code   RO          131    i.str_cpy           nstring.o
    0x00001438   0x00000050   Code   RO          136    i.str_rchr          nstring.o
    0x00001488   0x00000084   Code   RO          138    i.str_str           nstring.o
    0x0000150c   0x00000020   Data   RO          767    Region$$Table       anon$$obj.o


    Execution Region RW_IRAM1 (Base: 0x40000000, Size: 0x00000900, Max: 0x00008000, ABSOLUTE)

    Base Addr    Size         Type   Attr      Idx    E Section Name        Object

    0x40000000   0x00000012   Data   RW          238    .data               serial.o
    0x40000012   0x00000002   PAD
    0x40000014   0x00000400   Zero   RW          237    .bss                serial.o
    0x40000414   0x00000060   Zero   RW          641    .bss                c_t.l(libspace.o)
    0x40000474   0x00000004   PAD
    0x40000478   0x00000000   Zero   RW            2    HEAP                startup.o
    0x40000478   0x00000488   Zero   RW            1    STACK               startup.o


==============================================================================

Image component sizes


      Code (inc. data)   RO Data    RW Data    ZI Data      Debug   Object Name

        52          4          0          0          0       1911   delay.o
       792         88          0          0          0       4126   gsm.o
       144          4          0          0          0       1074   irq.o
         0          0          0          0          0       3056   lcd.o
       244         72          0          0          0        962   main.o
       320          0          0          0          0       2377   nstring.o
      1964        108          0         18       1024       8482   serial.o
       304         60          0          0       1160        556   startup.o

    ----------------------------------------------------------------------
      3820        336         32         20       2184      22544   Object Totals
         0          0         32          0          0          0   (incl. Generated)
         0          0          0          2          0          0   (incl. Padding)

    ----------------------------------------------------------------------

      Code (inc. data)   RO Data    RW Data    ZI Data      Debug   Library Member Name

         8          0          0          0          0         68   __main.o
         0          0          0          0          0          0   __rtentry.o
        44          4          0          0          0          0   __rtentry2.o
         8          0          0          0          0          0   __rtentry4.o
        60          8          0          0          0          0   __scatter.o
        40          0          0          0          0          0   __scatter_copy.o
        44          0          0          0          0          0   __scatter_zi.o
       420          0          0          0          0        148   aeabi_sdiv.o
        20          0          0          0          0         80   exit.o
         6          0          0          0          0        136   heapauxi.o
         0          0          0          0          0          0   indicate_semi.o
        10          0          0          0          0          0   libinit.o
        12          0          0          0          0          0   libinit2.o
        12          0          0          0          0          0   libshutdown.o
         6          0          0          0          0          0   libshutdown2.o
        12          4          0          0         96         68   libspace.o
       720         64          0          0          0        156   lludiv.o
         8          0          0          0          0          0   rtexit.o
        12          0          0          0          0          0   rtexit2.o
        20          4          0          0          0         60   sys_exit.o
        96          0          0          0          0         80   sys_stackheap_outer.o
         4          0          0          0          0         68   use_no_semi.o

    ----------------------------------------------------------------------
      1568         84          0          0        100        864   Library Totals
         6          0          0          0          4          0   (incl. Padding)

    ----------------------------------------------------------------------

      Code (inc. data)   RO Data    RW Data    ZI Data      Debug   Library Name

      1562         84          0          0         96        864   c_t.l

    ----------------------------------------------------------------------
      1568         84          0          0        100        864   Library Totals

    ----------------------------------------------------------------------

==============================================================================


      Code (inc. data)   RO Data    RW Data    ZI Data      Debug   

      5388        420         32         20       2284      21912   Grand Totals
      5388        420         32         20       2284      21912   ELF Image Totals
      5388        420         32         20          0          0   ROM Totals

==============================================================================

    Total RO  Size (Code + RO Data)                 5420 (   5.29kB)
    Total RW  Size (RW Data + ZI Data)              2304 (   2.25kB)
    Total ROM Size (Code + RO Data + RW Data)       5440 (   5.31kB)

==============================================================================

