Component: ARM Compiler 5.06 update 1 (build 61) Tool: armlink [4d35a8]

==============================================================================

Section Cross References

    startup.o(STACK) refers (Special) to heapauxi.o(.text) for __use_two_region_memory
    startup.o(HEAP) refers (Special) to heapauxi.o(.text) for __use_two_region_memory
    startup.o(RESET) refers (Special) to heapauxi.o(.text) for __use_two_region_memory
    startup.o(RESET) refers to startup.o(STACK) for Stack_Top
    startup.o(RESET) refers to __main.o(!!!main) for __main
    startup.o(.text) refers (Special) to heapauxi.o(.text) for __use_two_region_memory
    startup.o(.text) refers to startup.o(HEAP) for Heap_Mem
    startup.o(.text) refers to startup.o(STACK) for Stack_Mem
    irq.o(i.init_VIC) refers to irq.o(i.DefaultVICHandler) for DefaultVICHandler
    nstring.o(i.float_to_asci) refers to fleqf.o(x$fpl$fleqf) for __aeabi_cfcmple
    nstring.o(i.float_to_asci) refers to fmul.o(x$fpl$fmul) for __aeabi_fmul
    nstring.o(i.float_to_asci) refers to ffix.o(x$fpl$ffix) for __aeabi_f2iz
    nstring.o(i.float_to_asci) refers to nstring.o(i.int_to_asci) for int_to_asci
    nstring.o(i.float_to_asci) refers to nstring.o(i.str_len) for str_len
    nstring.o(i.int_to_asci) refers to aeabi_sdiv.o(.text) for __aeabi_idivmod
    serial.o(i.Serial0Handler) refers to serial.o(i.serial0_buff) for serial0_buff
    serial.o(i.Serial0Handler) refers to serial.o(.data) for Serial0Status
    serial.o(i.Serial1Handler) refers to serial.o(i.serial1_buff) for serial1_buff
    serial.o(i.Serial1Handler) refers to serial.o(.data) for Serial1Status
    serial.o(i.serial0_available) refers to serial.o(.data) for rx_Buffer0_Head
    serial.o(i.serial0_buff) refers to serial.o(.data) for rx_Buffer0_Tail
    serial.o(i.serial0_buff) refers to serial.o(.bss) for rxBuffer0
    serial.o(i.serial0_flush) refers to serial.o(i.serial0_read) for serial0_read
    serial.o(i.serial0_flush) refers to serial.o(i.serial0_available) for serial0_available
    serial.o(i.serial0_init) refers to aeabi_sdiv.o(.text_udiv) for __aeabi_uidivmod
    serial.o(i.serial0_init) refers to lludiv.o(.text) for __aeabi_uldivmod
    serial.o(i.serial0_init) refers to irq.o(i.install_irq) for install_irq
    serial.o(i.serial0_init) refers to serial.o(i.Serial0Handler) for Serial0Handler
    serial.o(i.serial0_print) refers to serial.o(i.serial0_write) for serial0_write
    serial.o(i.serial0_read) refers to serial.o(.data) for rx_Buffer0_Head
    serial.o(i.serial0_read) refers to serial.o(.bss) for rxBuffer0
    serial.o(i.serial0_responce) refers to serial.o(i.serial0_read) for serial0_read
    serial.o(i.serial0_responce) refers to serial.o(i.serial0_available) for serial0_available
    serial.o(i.serial0_responce) refers to delay.o(i.delay_ms) for delay_ms
    serial.o(i.serial1_available) refers to serial.o(.data) for rx_Buffer1_Head
    serial.o(i.serial1_buff) refers to serial.o(.data) for rx_Buffer1_Tail
    serial.o(i.serial1_buff) refers to serial.o(.bss) for rxBuffer1
    serial.o(i.serial1_flush) refers to serial.o(i.serial1_read) for serial1_read
    serial.o(i.serial1_flush) refers to serial.o(i.serial1_available) for serial1_available
    serial.o(i.serial1_init) refers to aeabi_sdiv.o(.text_udiv) for __aeabi_uidivmod
    serial.o(i.serial1_init) refers to lludiv.o(.text) for __aeabi_uldivmod
    serial.o(i.serial1_init) refers to irq.o(i.install_irq) for install_irq
    serial.o(i.serial1_init) refers to serial.o(i.Serial1Handler) for Serial1Handler
    serial.o(i.serial1_print) refers to serial.o(i.serial1_write) for serial1_write
    serial.o(i.serial1_read) refers to serial.o(.data) for rx_Buffer1_Head
    serial.o(i.serial1_read) refers to serial.o(.bss) for rxBuffer1
    serial.o(i.serial1_responce) refers to serial.o(i.serial1_read) for serial1_read
    serial.o(i.serial1_responce) refers to serial.o(i.serial1_available) for serial1_available
    serial.o(i.serial1_responce) refers to delay.o(i.delay_ms) for delay_ms
    i2c.o(i.i2c_read) refers to i2c.o(i.i2c_wait_status) for i2c_wait_status
    i2c.o(i.i2c_read_buffer) refers to i2c.o(i.i2c_start) for i2c_start
    i2c.o(i.i2c_read_buffer) refers to i2c.o(i.i2c_write) for i2c_write
    i2c.o(i.i2c_read_buffer) refers to i2c.o(i.i2c_restart) for i2c_restart
    i2c.o(i.i2c_read_buffer) refers to i2c.o(i.i2c_read) for i2c_read
    i2c.o(i.i2c_read_buffer) refers to i2c.o(i.i2c_stop) for i2c_stop
    i2c.o(i.i2c_restart) refers to i2c.o(i.i2c_start) for i2c_start
    i2c.o(i.i2c_start) refers to i2c.o(i.i2c_wait_status) for i2c_wait_status
    i2c.o(i.i2c_write) refers to i2c.o(i.i2c_wait_status) for i2c_wait_status
    i2c.o(i.i2c_write_buffer) refers to i2c.o(i.i2c_start) for i2c_start
    i2c.o(i.i2c_write_buffer) refers to i2c.o(i.i2c_write) for i2c_write
    i2c.o(i.i2c_write_buffer) refers to i2c.o(i.i2c_stop) for i2c_stop
    rtc.o(i.rtc_get_time) refers to rt_memcpy_w.o(.text) for __aeabi_memcpy4
    main.o(i.main) refers to demo.o(i.keypad_test) for keypad_test
    demo.o(i.adc_test) refers to _printf_pad.o(.text) for _printf_pre_padding
    demo.o(i.adc_test) refers to _printf_percent.o(.ARM.Collect$$_printf_percent$$00000000) for _printf_percent
    demo.o(i.adc_test) refers to _printf_d.o(.ARM.Collect$$_printf_percent$$00000009) for _printf_d
    demo.o(i.adc_test) refers to _printf_dec.o(.text) for _printf_int_dec
    demo.o(i.adc_test) refers to adc.o(i.adc0_init) for adc0_init
    demo.o(i.adc_test) refers to serial.o(i.serial0_init) for serial0_init
    demo.o(i.adc_test) refers to adc.o(i.adc0_read) for adc0_read
    demo.o(i.adc_test) refers to noretval__2sprintf.o(.text) for __2sprintf
    demo.o(i.adc_test) refers to serial.o(i.serial0_print) for serial0_print
    demo.o(i.adc_test) refers to delay.o(i.delay_ms) for delay_ms
    demo.o(i.get_time_date) refers to i2c.o(i.i2c_read_buffer) for i2c_read_buffer
    demo.o(i.get_time_date) refers to serial.o(i.serial0_print) for serial0_print
    demo.o(i.get_time_date) refers to demo.o(i.hex_to_str) for hex_to_str
    demo.o(i.gpio_test) refers to gpio.o(i.gpio_pin_mode) for gpio_pin_mode
    demo.o(i.gpio_test) refers to gpio.o(i.gpio_pin_write) for gpio_pin_write
    demo.o(i.gpio_test) refers to delay.o(i.delay_ms) for delay_ms
    demo.o(i.gsm_test) refers to serial.o(i.serial0_init) for serial0_init
    demo.o(i.gsm_test) refers to serial.o(i.serial0_print) for serial0_print
    demo.o(i.gsm_test) refers to gsm.o(i.gsm_init) for gsm_init
    demo.o(i.gsm_test) refers to gsm.o(i.gsm_pname) for gsm_pname
    demo.o(i.gsm_test) refers to delay.o(i.delay_ms) for delay_ms
    demo.o(i.gsm_test) refers to gsm.o(i.gsm_msg_send) for gsm_msg_send
    demo.o(i.gsm_test) refers to gsm.o(i.gsm_wait) for gsm_wait
    demo.o(i.gsm_test) refers to gsm.o(i.gsm_msg_read) for gsm_msg_read
    demo.o(i.hcsr04_test) refers to _printf_percent.o(.ARM.Collect$$_printf_percent$$00000000) for _printf_percent
    demo.o(i.hcsr04_test) refers to _printf_d.o(.ARM.Collect$$_printf_percent$$00000009) for _printf_d
    demo.o(i.hcsr04_test) refers to _printf_dec.o(.text) for _printf_int_dec
    demo.o(i.hcsr04_test) refers to serial.o(i.serial0_init) for serial0_init
    demo.o(i.hcsr04_test) refers to serial.o(i.serial0_print) for serial0_print
    demo.o(i.hcsr04_test) refers to hcsr04.o(i.HCSR04_init) for HCSR04_init
    demo.o(i.hcsr04_test) refers to hcsr04.o(i.HCSR04_trigger) for HCSR04_trigger
    demo.o(i.hcsr04_test) refers to hcsr04.o(i.get_pulse_width) for get_pulse_width
    demo.o(i.hcsr04_test) refers to aeabi_sdiv.o(.text_udiv) for __aeabi_uidivmod
    demo.o(i.hcsr04_test) refers to noretval__2sprintf.o(.text) for __2sprintf
    demo.o(i.hcsr04_test) refers to delay.o(i.delay_ms) for delay_ms
    demo.o(i.i2c_eeprom_test) refers to serial.o(i.serial0_init) for serial0_init
    demo.o(i.i2c_eeprom_test) refers to serial.o(i.serial0_print) for serial0_print
    demo.o(i.i2c_eeprom_test) refers to i2c.o(i.i2c_init) for i2c_init
    demo.o(i.i2c_eeprom_test) refers to i2c.o(i.i2c_write_buffer) for i2c_write_buffer
    demo.o(i.i2c_eeprom_test) refers to i2c.o(i.i2c_read_buffer) for i2c_read_buffer
    demo.o(i.i2c_eeprom_test) refers to delay.o(i.delay_ms) for delay_ms
    demo.o(i.i2c_eeprom_test) refers to demo.o(.constdata) for .constdata
    demo.o(i.i2c_rtc_test) refers to serial.o(i.serial0_init) for serial0_init
    demo.o(i.i2c_rtc_test) refers to serial.o(i.serial0_print) for serial0_print
    demo.o(i.i2c_rtc_test) refers to i2c.o(i.i2c_init) for i2c_init
    demo.o(i.i2c_rtc_test) refers to demo.o(i.get_time_date) for get_time_date
    demo.o(i.i2c_rtc_test) refers to delay.o(i.delay_ms) for delay_ms
    demo.o(i.keypad_test) refers to _printf_percent.o(.ARM.Collect$$_printf_percent$$00000000) for _printf_percent
    demo.o(i.keypad_test) refers to _printf_d.o(.ARM.Collect$$_printf_percent$$00000009) for _printf_d
    demo.o(i.keypad_test) refers to _printf_dec.o(.text) for _printf_int_dec
    demo.o(i.keypad_test) refers to serial.o(i.serial0_init) for serial0_init
    demo.o(i.keypad_test) refers to serial.o(i.serial0_print) for serial0_print
    demo.o(i.keypad_test) refers to keypad.o(i.get_keypad_key) for get_keypad_key
    demo.o(i.keypad_test) refers to noretval__2sprintf.o(.text) for __2sprintf
    demo.o(i.keypad_test) refers to delay.o(i.delay_ms) for delay_ms
    demo.o(i.lcd_test) refers to lcd.o(i.lcd_init) for lcd_init
    demo.o(i.lcd_test) refers to lcd.o(i.lcd_clear) for lcd_clear
    demo.o(i.lcd_test) refers to lcd.o(i.lcd_print_xy) for lcd_print_xy
    demo.o(i.mcp32_test) refers to _printf_pad.o(.text) for _printf_pre_padding
    demo.o(i.mcp32_test) refers to _printf_percent.o(.ARM.Collect$$_printf_percent$$00000000) for _printf_percent
    demo.o(i.mcp32_test) refers to _printf_d.o(.ARM.Collect$$_printf_percent$$00000009) for _printf_d
    demo.o(i.mcp32_test) refers to _printf_dec.o(.text) for _printf_int_dec
    demo.o(i.mcp32_test) refers to spi.o(i.spi_init) for spi_init
    demo.o(i.mcp32_test) refers to serial.o(i.serial0_init) for serial0_init
    demo.o(i.mcp32_test) refers to serial.o(i.serial0_print) for serial0_print
    demo.o(i.mcp32_test) refers to mcp320x.o(i.read_mcp320x) for read_mcp320x
    demo.o(i.mcp32_test) refers to noretval__2sprintf.o(.text) for __2sprintf
    demo.o(i.mcp32_test) refers to delay.o(i.delay_ms) for delay_ms
    demo.o(i.oled_test) refers to oled.o(i.oled_init) for oled_init
    demo.o(i.oled_test) refers to oled.o(i.oled_reset) for oled_reset
    demo.o(i.oled_test) refers to oled.o(i.oled_fill) for oled_fill
    demo.o(i.oled_test) refers to delay.o(i.delay_ms) for delay_ms
    demo.o(i.oled_test) refers to oled.o(i.oled_clear) for oled_clear
    demo.o(i.oled_test) refers to oled.o(i.oled_print_xy) for oled_print_xy
    demo.o(i.rtc_test) refers to _printf_percent.o(.ARM.Collect$$_printf_percent$$00000000) for _printf_percent
    demo.o(i.rtc_test) refers to _printf_d.o(.ARM.Collect$$_printf_percent$$00000009) for _printf_d
    demo.o(i.rtc_test) refers to _printf_dec.o(.text) for _printf_int_dec
    demo.o(i.rtc_test) refers to rtc.o(i.rtc_set_time) for rtc_set_time
    demo.o(i.rtc_test) refers to serial.o(i.serial0_init) for serial0_init
    demo.o(i.rtc_test) refers to serial.o(i.serial0_print) for serial0_print
    demo.o(i.rtc_test) refers to rtc.o(i.rtc_init) for rtc_init
    demo.o(i.rtc_test) refers to rtc.o(i.rtc_get_time) for rtc_get_time
    demo.o(i.rtc_test) refers to rt_memcpy_w.o(.text) for __aeabi_memcpy4
    demo.o(i.rtc_test) refers to noretval__2sprintf.o(.text) for __2sprintf
    demo.o(i.rtc_test) refers to delay.o(i.delay_ms) for delay_ms
    demo.o(i.serial_test) refers to serial.o(i.serial0_init) for serial0_init
    demo.o(i.serial_test) refers to serial.o(i.serial0_print) for serial0_print
    demo.o(i.serial_test) refers to serial.o(i.serial0_available) for serial0_available
    demo.o(i.serial_test) refers to serial.o(i.serial0_read) for serial0_read
    demo.o(i.serial_test) refers to serial.o(i.serial0_write) for serial0_write
    demo.o(i.set_time_date) refers to i2c.o(i.i2c_write_buffer) for i2c_write_buffer
    gsm.o(i.debug) refers to serial.o(i.serial0_print) for serial0_print
    gsm.o(i.debug) refers to delay.o(i.delay_ms) for delay_ms
    gsm.o(i.dht11_test) refers to _printf_percent.o(.ARM.Collect$$_printf_percent$$00000000) for _printf_percent
    gsm.o(i.dht11_test) refers to _printf_d.o(.ARM.Collect$$_printf_percent$$00000009) for _printf_d
    gsm.o(i.dht11_test) refers to _printf_dec.o(.text) for _printf_int_dec
    gsm.o(i.dht11_test) refers to serial.o(i.serial0_init) for serial0_init
    gsm.o(i.dht11_test) refers to serial.o(i.serial0_print) for serial0_print
    gsm.o(i.dht11_test) refers to dht11.o(i.dht_read11) for dht_read11
    gsm.o(i.dht11_test) refers to noretval__2sprintf.o(.text) for __2sprintf
    gsm.o(i.dht11_test) refers to delay.o(i.delay_ms) for delay_ms
    gsm.o(i.dht11_test) refers to dht11.o(.data) for temperature
    gsm.o(i.gsm_cmd) refers to serial.o(i.serial1_flush) for serial1_flush
    gsm.o(i.gsm_cmd) refers to serial.o(i.serial1_print) for serial1_print
    gsm.o(i.gsm_cmd) refers to serial.o(i.serial1_responce) for serial1_responce
    gsm.o(i.gsm_init) refers to serial.o(i.serial1_init) for serial1_init
    gsm.o(i.gsm_init) refers to gsm.o(i.gsm_cmd) for gsm_cmd
    gsm.o(i.gsm_init) refers to gsm.o(i.debug) for debug
    gsm.o(i.gsm_msg_read) refers to serial.o(i.serial1_print) for serial1_print
    gsm.o(i.gsm_msg_read) refers to serial.o(i.serial1_write) for serial1_write
    gsm.o(i.gsm_msg_read) refers to delay.o(i.delay_ms) for delay_ms
    gsm.o(i.gsm_msg_read) refers to serial.o(i.serial1_responce) for serial1_responce
    gsm.o(i.gsm_msg_read) refers to nstring.o(i.str_rchr) for str_rchr
    gsm.o(i.gsm_msg_read) refers to nstring.o(i.str_str) for str_str
    gsm.o(i.gsm_msg_read) refers to nstring.o(i.str_cpy) for str_cpy
    gsm.o(i.gsm_msg_read) refers to nstring.o(i.str_chr) for str_chr
    gsm.o(i.gsm_msg_send) refers to serial.o(i.serial1_print) for serial1_print
    gsm.o(i.gsm_msg_send) refers to serial.o(i.serial1_write) for serial1_write
    gsm.o(i.gsm_msg_send) refers to delay.o(i.delay_ms) for delay_ms
    gsm.o(i.gsm_msg_send) refers to serial.o(i.serial1_responce) for serial1_responce
    gsm.o(i.gsm_msg_send) refers to gsm.o(i.debug) for debug
    gsm.o(i.gsm_pname) refers to gsm.o(i.gsm_cmd) for gsm_cmd
    gsm.o(i.gsm_pname) refers to nstring.o(i.str_chr) for str_chr
    gsm.o(i.gsm_pname) refers to nstring.o(i.str_cpy) for str_cpy
    gsm.o(i.gsm_wait) refers to serial.o(i.serial1_available) for serial1_available
    gsm.o(i.gsm_wait) refers to gsm.o(i.debug) for debug
    gsm.o(i.gsm_wait) refers to serial.o(i.serial1_responce) for serial1_responce
    gsm.o(i.gsm_wait) refers to nstring.o(i.str_chr) for str_chr
    gsm.o(i.gsm_wait) refers to nstring.o(i.str_cpy) for str_cpy
    lcd.o(i.lcd_clear) refers to lcd.o(i.lcd_send) for lcd_send
    lcd.o(i.lcd_goto_xy) refers to lcd.o(i.lcd_send) for lcd_send
    lcd.o(i.lcd_init) refers to gpio.o(i.gpio_pin_mode) for gpio_pin_mode
    lcd.o(i.lcd_init) refers to lcd.o(i.lcd_send) for lcd_send
    lcd.o(i.lcd_init) refers to lcd.o(.data) for lcd_data_pins
    lcd.o(i.lcd_nibble) refers to gpio.o(i.gpio_pin_write) for gpio_pin_write
    lcd.o(i.lcd_nibble) refers to lcd.o(.data) for lcd_data_pins
    lcd.o(i.lcd_print) refers to lcd.o(i.lcd_send) for lcd_send
    lcd.o(i.lcd_print_xy) refers to lcd.o(i.lcd_goto_xy) for lcd_goto_xy
    lcd.o(i.lcd_print_xy) refers to lcd.o(i.lcd_print) for lcd_print
    lcd.o(i.lcd_send) refers to delay.o(i.delay_ms) for delay_ms
    lcd.o(i.lcd_send) refers to gpio.o(i.gpio_pin_write) for gpio_pin_write
    lcd.o(i.lcd_send) refers to lcd.o(i.lcd_nibble) for lcd_nibble
    lcd.o(i.lcd_send) refers to lcd.o(.data) for RS
    dht11.o(i.dht_read11) refers to dht11.o(i.dht_readSensor) for dht_readSensor
    dht11.o(i.dht_read11) refers to dht11.o(.data) for bits
    dht11.o(i.dht_readSensor) refers to gpio.o(i.gpio_pin_mode) for gpio_pin_mode
    dht11.o(i.dht_readSensor) refers to gpio.o(i.gpio_pin_write) for gpio_pin_write
    dht11.o(i.dht_readSensor) refers to delay.o(i.delay_ms) for delay_ms
    dht11.o(i.dht_readSensor) refers to gpio.o(i.gpio_pin_read) for gpio_pin_read
    dht11.o(i.dht_readSensor) refers to dht11.o(.data) for bits
    hcsr04.o(i.HCSR04_init) refers to gpio.o(i.gpio_pin_mode) for gpio_pin_mode
    hcsr04.o(i.HCSR04_trigger) refers to gpio.o(i.gpio_pin_write) for gpio_pin_write
    hcsr04.o(i.HCSR04_trigger) refers to delay.o(i.delay_us) for delay_us
    hcsr04.o(i.get_pulse_width) refers to gpio.o(i.gpio_pin_read) for gpio_pin_read
    mcp320x.o(i.read_mcp320x) refers to gpio.o(i.gpio_pin_mode) for gpio_pin_mode
    mcp320x.o(i.read_mcp320x) refers to gpio.o(i.gpio_pin_write) for gpio_pin_write
    mcp320x.o(i.read_mcp320x) refers to spi.o(i.spi_data) for spi_data
    oled.o(i.oled_clear) refers to oled.o(i.oled_fill) for oled_fill
    oled.o(i.oled_cmd) refers to i2c.o(i.i2c_start) for i2c_start
    oled.o(i.oled_cmd) refers to i2c.o(i.i2c_write) for i2c_write
    oled.o(i.oled_cmd) refers to i2c.o(i.i2c_stop) for i2c_stop
    oled.o(i.oled_data) refers to i2c.o(i.i2c_start) for i2c_start
    oled.o(i.oled_data) refers to i2c.o(i.i2c_write) for i2c_write
    oled.o(i.oled_data) refers to i2c.o(i.i2c_stop) for i2c_stop
    oled.o(i.oled_fill) refers to oled.o(i.oled_update) for oled_update
    oled.o(i.oled_fill) refers to oled.o(.bss) for display_buffer
    oled.o(i.oled_init) refers to i2c.o(i.i2c_init) for i2c_init
    oled.o(i.oled_init) refers to oled.o(i.oled_cmd) for oled_cmd
    oled.o(i.oled_init) refers to delay.o(i.delay_ms) for delay_ms
    oled.o(i.oled_off) refers to oled.o(i.oled_cmd) for oled_cmd
    oled.o(i.oled_on) refers to oled.o(i.oled_cmd) for oled_cmd
    oled.o(i.oled_print_xy) refers to aeabi_sdiv.o(.text) for __aeabi_idivmod
    oled.o(i.oled_print_xy) refers to oled.o(i.oled_set_pixel) for oled_set_pixel
    oled.o(i.oled_print_xy) refers to nstring.o(i.str_len) for str_len
    oled.o(i.oled_print_xy) refers to oled.o(i.oled_update) for oled_update
    oled.o(i.oled_print_xy) refers to oled.o(.data) for myFontData
    oled.o(i.oled_reset) refers to oled.o(i.oled_off) for oled_off
    oled.o(i.oled_reset) refers to oled.o(i.oled_clear) for oled_clear
    oled.o(i.oled_reset) refers to oled.o(i.oled_on) for oled_on
    oled.o(i.oled_set_pixel) refers to oled.o(.bss) for display_buffer
    oled.o(i.oled_update) refers to oled.o(i.oled_cmd) for oled_cmd
    oled.o(i.oled_update) refers to i2c.o(i.i2c_start) for i2c_start
    oled.o(i.oled_update) refers to i2c.o(i.i2c_write) for i2c_write
    oled.o(i.oled_update) refers to i2c.o(i.i2c_stop) for i2c_stop
    oled.o(i.oled_update) refers to oled.o(.bss) for display_buffer
    oled.o(.data) refers to oled.o(.constdata) for ArialMT_Plain_24
    keypad.o(i.get_keypad_key) refers to gpio.o(i.gpio_pin_mode) for gpio_pin_mode
    keypad.o(i.get_keypad_key) refers to gpio.o(i.gpio_pin_write) for gpio_pin_write
    keypad.o(i.get_keypad_key) refers to gpio.o(i.gpio_pin_read) for gpio_pin_read
    keypad.o(i.get_keypad_key) refers to keypad.o(.data) for keypad_pins
    __2sprintf.o(.text) refers to _printf_char_common.o(.text) for _printf_char_common
    __2sprintf.o(.text) refers to _sputc.o(.text) for _sputc
    noretval__2sprintf.o(.text) refers to _printf_char_common.o(.text) for _printf_char_common
    noretval__2sprintf.o(.text) refers to _sputc.o(.text) for _sputc
    __printf.o(.text) refers to __printf.o(i.__ARM_common_call_via_r1) for __ARM_common_call_via_r1
    __printf.o(.text) refers to _printf_percent.o(.ARM.Collect$$_printf_percent$$00000000) for _printf_percent
    __printf.o(.text) refers to __printf.o(i.__ARM_common_call_via_r2) for __ARM_common_call_via_r2
    _printf_pad.o(.text) refers to __printf.o(i.__ARM_common_call_via_r2) for __ARM_common_call_via_r2
    _printf_dec.o(.text) refers to rtudiv10.o(.text) for __rt_udiv10
    _printf_dec.o(.text) refers to _printf_intcommon.o(.text) for _printf_int_common
    __printf_flags.o(.text) refers to __printf.o(i.__ARM_common_call_via_r1) for __ARM_common_call_via_r1
    __printf_flags.o(.text) refers to _printf_percent.o(.ARM.Collect$$_printf_percent$$00000000) for _printf_percent
    __printf_flags.o(.text) refers to __printf.o(i.__ARM_common_call_via_r2) for __ARM_common_call_via_r2
    __printf_flags.o(.text) refers to __printf_flags.o(.constdata) for .constdata
    __printf_ss.o(.text) refers to __printf.o(i.__ARM_common_call_via_r1) for __ARM_common_call_via_r1
    __printf_ss.o(.text) refers to _printf_percent.o(.ARM.Collect$$_printf_percent$$00000000) for _printf_percent
    __printf_ss.o(.text) refers to __printf.o(i.__ARM_common_call_via_r2) for __ARM_common_call_via_r2
    __printf_flags_ss.o(.text) refers to __printf.o(i.__ARM_common_call_via_r1) for __ARM_common_call_via_r1
    __printf_flags_ss.o(.text) refers to _printf_percent.o(.ARM.Collect$$_printf_percent$$00000000) for _printf_percent
    __printf_flags_ss.o(.text) refers to __printf.o(i.__ARM_common_call_via_r2) for __ARM_common_call_via_r2
    __printf_flags_ss.o(.text) refers to __printf_flags_ss.o(.constdata) for .constdata
    __printf_wp.o(.text) refers to __printf.o(i.__ARM_common_call_via_r1) for __ARM_common_call_via_r1
    __printf_wp.o(.text) refers to __printf_wp.o(i._is_digit) for _is_digit
    __printf_wp.o(.text) refers to _printf_percent.o(.ARM.Collect$$_printf_percent$$00000000) for _printf_percent
    __printf_wp.o(.text) refers to __printf.o(i.__ARM_common_call_via_r2) for __ARM_common_call_via_r2
    __printf_flags_wp.o(.text) refers to __printf.o(i.__ARM_common_call_via_r1) for __ARM_common_call_via_r1
    __printf_flags_wp.o(.text) refers to __printf_wp.o(i._is_digit) for _is_digit
    __printf_flags_wp.o(.text) refers to _printf_percent.o(.ARM.Collect$$_printf_percent$$00000000) for _printf_percent
    __printf_flags_wp.o(.text) refers to __printf.o(i.__ARM_common_call_via_r2) for __ARM_common_call_via_r2
    __printf_flags_wp.o(.text) refers to __printf_flags_wp.o(.constdata) for .constdata
    __printf_ss_wp.o(.text) refers to __printf.o(i.__ARM_common_call_via_r1) for __ARM_common_call_via_r1
    __printf_ss_wp.o(.text) refers to __printf_wp.o(i._is_digit) for _is_digit
    __printf_ss_wp.o(.text) refers to _printf_percent.o(.ARM.Collect$$_printf_percent$$00000000) for _printf_percent
    __printf_ss_wp.o(.text) refers to __printf.o(i.__ARM_common_call_via_r2) for __ARM_common_call_via_r2
    __printf_flags_ss_wp.o(.text) refers to __printf.o(i.__ARM_common_call_via_r1) for __ARM_common_call_via_r1
    __printf_flags_ss_wp.o(.text) refers to __printf_wp.o(i._is_digit) for _is_digit
    __printf_flags_ss_wp.o(.text) refers to _printf_percent.o(.ARM.Collect$$_printf_percent$$00000000) for _printf_percent
    __printf_flags_ss_wp.o(.text) refers to __printf.o(i.__ARM_common_call_via_r2) for __ARM_common_call_via_r2
    __printf_flags_ss_wp.o(.text) refers to __printf_flags_ss_wp.o(.constdata) for .constdata
    _printf_d.o(.ARM.Collect$$_printf_percent$$00000009) refers (Weak) to _printf_dec.o(.text) for _printf_int_dec
    _printf_percent.o(.ARM.Collect$$_printf_percent$$00000000) refers (Special) to _printf_percent_end.o(.ARM.Collect$$_printf_percent$$00000017) for _printf_percent_end
    aeabi_sdiv.o(.text_udiv) refers to aeabi_sdiv.o(.text) for __arm_div2
    aeabi_sdiv_div0.o(.text_udiv) refers to aeabi_sdiv_div0.o(.text) for __arm_div2
    __main.o(!!!main) refers to __rtentry.o(.ARM.Collect$$rtentry$$00000000) for __rt_entry
    ffix.o(x$fpl$ffix) refers (Special) to usenofp.o(x$fpl$usenofp) for __I$use$fp
    ffix.o(x$fpl$ffix) refers to fnaninf.o(x$fpl$fnaninf) for __fpl_fnaninf
    ffix.o(x$fpl$ffixr) refers (Special) to usenofp.o(x$fpl$usenofp) for __I$use$fp
    ffix.o(x$fpl$ffixr) refers to fnaninf.o(x$fpl$fnaninf) for __fpl_fnaninf
    fleqf.o(x$fpl$fleqf) refers (Special) to usenofp.o(x$fpl$usenofp) for __I$use$fp
    fleqf.o(x$fpl$fleqf) refers to fnaninf.o(x$fpl$fnaninf) for __fpl_fnaninf
    fleqf.o(x$fpl$fleqf) refers to fcmpi.o(x$fpl$fcmpinf) for __fpl_fcmp_Inf
    fmul.o(x$fpl$fmul) refers (Special) to usenofp.o(x$fpl$usenofp) for __I$use$fp
    fmul.o(x$fpl$fmul) refers to fretinf.o(x$fpl$fretinf) for __fpl_fretinf
    fmul.o(x$fpl$fmul) refers to fnaninf.o(x$fpl$fnaninf) for __fpl_fnaninf
    __rtentry.o(.ARM.Collect$$rtentry$$00000000) refers (Special) to __rtentry2.o(.ARM.Collect$$rtentry$$0000000A) for __rt_entry_li
    __rtentry.o(.ARM.Collect$$rtentry$$00000000) refers (Special) to __rtentry2.o(.ARM.Collect$$rtentry$$0000000D) for __rt_entry_main
    __rtentry.o(.ARM.Collect$$rtentry$$00000000) refers (Special) to __rtentry2.o(.ARM.Collect$$rtentry$$0000000C) for __rt_entry_postli_1
    __rtentry.o(.ARM.Collect$$rtentry$$00000000) refers (Special) to __rtentry2.o(.ARM.Collect$$rtentry$$00000009) for __rt_entry_postsh_1
    __rtentry.o(.ARM.Collect$$rtentry$$00000000) refers (Special) to __rtentry2.o(.ARM.Collect$$rtentry$$00000002) for __rt_entry_presh_1
    __rtentry.o(.ARM.Collect$$rtentry$$00000000) refers (Special) to __rtentry4.o(.ARM.Collect$$rtentry$$00000004) for __rt_entry_sh
    aeabi_idiv0_sigfpe.o(.text) refers to rt_div0.o(.text) for __rt_div0
    aeabi_ldiv0_sigfpe.o(.text) refers to rt_div0.o(.text) for __rt_div0
    _printf_intcommon.o(.text) refers (Weak) to _printf_pad.o(.text) for _printf_pre_padding
    _printf_intcommon.o(.text) refers to __printf.o(i.__ARM_common_call_via_r2) for __ARM_common_call_via_r2
    _printf_intcommon.o(.text) refers (Weak) to _printf_pad.o(.text) for _printf_pre_padding
    _printf_intcommon.o(.text) refers (Weak) to _printf_pad.o(.text) for _printf_post_padding
    _printf_char_common.o(.text) refers to __printf_wp.o(.text) for __printf
    fcmpi.o(x$fpl$fcmpinf) refers (Special) to usenofp.o(x$fpl$usenofp) for __I$use$fp
    fnaninf.o(x$fpl$fnaninf) refers (Special) to usenofp.o(x$fpl$usenofp) for __I$use$fp
    fretinf.o(x$fpl$fretinf) refers (Special) to usenofp.o(x$fpl$usenofp) for __I$use$fp
    __rtentry2.o(.ARM.Collect$$rtentry$$00000008) refers to boardinit2.o(.text) for _platform_post_stackheap_init
    __rtentry2.o(.ARM.Collect$$rtentry$$0000000A) refers to libinit.o(.ARM.Collect$$libinit$$00000000) for __rt_lib_init
    __rtentry2.o(.ARM.Collect$$rtentry$$0000000B) refers to boardinit3.o(.text) for _platform_post_lib_init
    __rtentry2.o(.ARM.Collect$$rtentry$$0000000D) refers to exit.o(.text) for exit
    __rtentry2.o(.ARM.Collect$$rtentry$$0000000D) refers to main.o(i.main) for main
    __rtentry2.o(.ARM.exidx) refers to __rtentry2.o(.ARM.Collect$$rtentry$$00000001) for .ARM.Collect$$rtentry$$00000001
    __rtentry2.o(.ARM.exidx) refers to __rtentry2.o(.ARM.Collect$$rtentry$$00000008) for .ARM.Collect$$rtentry$$00000008
    __rtentry2.o(.ARM.exidx) refers to __rtentry2.o(.ARM.Collect$$rtentry$$0000000A) for .ARM.Collect$$rtentry$$0000000A
    __rtentry2.o(.ARM.exidx) refers to __rtentry2.o(.ARM.Collect$$rtentry$$0000000B) for .ARM.Collect$$rtentry$$0000000B
    __rtentry2.o(.ARM.exidx) refers to __rtentry2.o(.ARM.Collect$$rtentry$$0000000D) for .ARM.Collect$$rtentry$$0000000D
    __rtentry4.o(.ARM.Collect$$rtentry$$00000004) refers to sys_stackheap_outer.o(.text) for __user_setup_stackheap
    __rtentry4.o(.ARM.exidx) refers to __rtentry4.o(.ARM.Collect$$rtentry$$00000004) for .ARM.Collect$$rtentry$$00000004
    rt_div0.o(.text) refers to defsig_fpe_outer.o(.text) for __rt_SIGFPE
    __printf_nopercent.o(.text) refers to __printf_nopercent.o(i.__ARM_common_call_via_r7) for __ARM_common_call_via_r7
    __printf_nopercent.o(.text) refers to __printf_nopercent.o(i.__ARM_common_call_via_r5) for __ARM_common_call_via_r5
    sys_stackheap_outer.o(.text) refers to libspace.o(.text) for __user_perproc_libspace
    sys_stackheap_outer.o(.text) refers to startup.o(.text) for __user_initial_stackheap
    exit.o(.text) refers to rtexit.o(.ARM.Collect$$rtexit$$00000000) for __rt_exit
    defsig_fpe_outer.o(.text) refers to defsig_fpe_inner.o(.text) for __rt_SIGFPE_inner
    defsig_fpe_outer.o(.text) refers to defsig_exit.o(.text) for __sig_exit
    defsig_fpe_formal.o(.text) refers to rt_raise.o(.text) for __rt_raise
    libinit.o(.ARM.Collect$$libinit$$00000000) refers (Special) to libinit2.o(.ARM.Collect$$libinit$$0000002E) for __rt_lib_init_alloca_1
    libinit.o(.ARM.Collect$$libinit$$00000000) refers (Special) to libinit2.o(.ARM.Collect$$libinit$$0000002C) for __rt_lib_init_argv_1
    libinit.o(.ARM.Collect$$libinit$$00000000) refers (Special) to libinit2.o(.ARM.Collect$$libinit$$0000001B) for __rt_lib_init_atexit_1
    libinit.o(.ARM.Collect$$libinit$$00000000) refers (Special) to libinit2.o(.ARM.Collect$$libinit$$00000021) for __rt_lib_init_clock_1
    libinit.o(.ARM.Collect$$libinit$$00000000) refers (Special) to libinit2.o(.ARM.Collect$$libinit$$00000032) for __rt_lib_init_cpp_1
    libinit.o(.ARM.Collect$$libinit$$00000000) refers (Special) to libinit2.o(.ARM.Collect$$libinit$$00000030) for __rt_lib_init_exceptions_1
    libinit.o(.ARM.Collect$$libinit$$00000000) refers (Special) to libinit2.o(.ARM.Collect$$libinit$$00000002) for __rt_lib_init_fp_1
    libinit.o(.ARM.Collect$$libinit$$00000000) refers (Special) to libinit2.o(.ARM.Collect$$libinit$$0000001F) for __rt_lib_init_fp_trap_1
    libinit.o(.ARM.Collect$$libinit$$00000000) refers (Special) to libinit2.o(.ARM.Collect$$libinit$$00000023) for __rt_lib_init_getenv_1
    libinit.o(.ARM.Collect$$libinit$$00000000) refers (Special) to libinit2.o(.ARM.Collect$$libinit$$0000000A) for __rt_lib_init_heap_1
    libinit.o(.ARM.Collect$$libinit$$00000000) refers (Special) to libinit2.o(.ARM.Collect$$libinit$$00000011) for __rt_lib_init_lc_collate_1
    libinit.o(.ARM.Collect$$libinit$$00000000) refers (Special) to libinit2.o(.ARM.Collect$$libinit$$00000013) for __rt_lib_init_lc_ctype_1
    libinit.o(.ARM.Collect$$libinit$$00000000) refers (Special) to libinit2.o(.ARM.Collect$$libinit$$00000015) for __rt_lib_init_lc_monetary_1
    libinit.o(.ARM.Collect$$libinit$$00000000) refers (Special) to libinit2.o(.ARM.Collect$$libinit$$00000017) for __rt_lib_init_lc_numeric_1
    libinit.o(.ARM.Collect$$libinit$$00000000) refers (Special) to libinit2.o(.ARM.Collect$$libinit$$00000019) for __rt_lib_init_lc_time_1
    libinit.o(.ARM.Collect$$libinit$$00000000) refers (Special) to libinit2.o(.ARM.Collect$$libinit$$00000004) for __rt_lib_init_preinit_1
    libinit.o(.ARM.Collect$$libinit$$00000000) refers (Special) to libinit2.o(.ARM.Collect$$libinit$$0000000E) for __rt_lib_init_rand_1
    libinit.o(.ARM.Collect$$libinit$$00000000) refers (Special) to libinit2.o(.ARM.Collect$$libinit$$00000033) for __rt_lib_init_return
    libinit.o(.ARM.Collect$$libinit$$00000000) refers (Special) to libinit2.o(.ARM.Collect$$libinit$$0000001D) for __rt_lib_init_signal_1
    libinit.o(.ARM.Collect$$libinit$$00000000) refers (Special) to libinit2.o(.ARM.Collect$$libinit$$00000025) for __rt_lib_init_stdio_1
    libinit.o(.ARM.Collect$$libinit$$00000000) refers (Special) to libinit2.o(.ARM.Collect$$libinit$$0000000C) for __rt_lib_init_user_alloc_1
    libspace.o(.text) refers to libspace.o(.bss) for __libspace_start
    rtexit.o(.ARM.Collect$$rtexit$$00000000) refers (Special) to rtexit2.o(.ARM.Collect$$rtexit$$00000004) for __rt_exit_exit
    rtexit.o(.ARM.Collect$$rtexit$$00000000) refers (Special) to rtexit2.o(.ARM.Collect$$rtexit$$00000003) for __rt_exit_ls
    rtexit.o(.ARM.Collect$$rtexit$$00000000) refers (Special) to rtexit2.o(.ARM.Collect$$rtexit$$00000002) for __rt_exit_prels_1
    rtexit.o(.ARM.exidx) refers (Special) to rtexit2.o(.ARM.Collect$$rtexit$$00000004) for __rt_exit_exit
    rtexit.o(.ARM.exidx) refers (Special) to rtexit2.o(.ARM.Collect$$rtexit$$00000003) for __rt_exit_ls
    rtexit.o(.ARM.exidx) refers (Special) to rtexit2.o(.ARM.Collect$$rtexit$$00000002) for __rt_exit_prels_1
    rtexit.o(.ARM.exidx) refers to rtexit.o(.ARM.Collect$$rtexit$$00000000) for .ARM.Collect$$rtexit$$00000000
    rt_raise.o(.text) refers to __raise.o(.text) for __raise
    rt_raise.o(.text) refers to sys_exit.o(.text) for _sys_exit
    defsig_exit.o(.text) refers to sys_exit.o(.text) for _sys_exit
    defsig_fpe_inner.o(.text) refers to defsig_general.o(.text) for __default_signal_display
    libinit2.o(.ARM.Collect$$libinit$$00000001) refers to fpinit.o(x$fpl$fpinit) for _fp_init
    libinit2.o(.ARM.Collect$$libinit$$00000010) refers to libinit2.o(.ARM.Collect$$libinit$$0000000F) for .ARM.Collect$$libinit$$0000000F
    libinit2.o(.ARM.Collect$$libinit$$00000012) refers to libinit2.o(.ARM.Collect$$libinit$$0000000F) for .ARM.Collect$$libinit$$0000000F
    libinit2.o(.ARM.Collect$$libinit$$00000014) refers to libinit2.o(.ARM.Collect$$libinit$$0000000F) for .ARM.Collect$$libinit$$0000000F
    libinit2.o(.ARM.Collect$$libinit$$00000016) refers to libinit2.o(.ARM.Collect$$libinit$$0000000F) for .ARM.Collect$$libinit$$0000000F
    libinit2.o(.ARM.Collect$$libinit$$00000018) refers to libinit2.o(.ARM.Collect$$libinit$$0000000F) for .ARM.Collect$$libinit$$0000000F
    libinit2.o(.ARM.Collect$$libinit$$00000026) refers to argv_veneer.o(.emb_text) for __ARM_argv_veneer
    libinit2.o(.ARM.Collect$$libinit$$00000027) refers to argv_veneer.o(.emb_text) for __ARM_argv_veneer
    sys_exit.o(.text) refers (Special) to use_no_semi.o(.text) for __I$use$semihosting
    sys_exit.o(.text) refers (Special) to indicate_semi.o(.text) for __semihosting_library_function
    rtexit2.o(.ARM.Collect$$rtexit$$00000003) refers to libshutdown.o(.ARM.Collect$$libshutdown$$00000000) for __rt_lib_shutdown
    rtexit2.o(.ARM.Collect$$rtexit$$00000004) refers to sys_exit.o(.text) for _sys_exit
    rtexit2.o(.ARM.exidx) refers to rtexit2.o(.ARM.Collect$$rtexit$$00000001) for .ARM.Collect$$rtexit$$00000001
    rtexit2.o(.ARM.exidx) refers to rtexit2.o(.ARM.Collect$$rtexit$$00000003) for .ARM.Collect$$rtexit$$00000003
    rtexit2.o(.ARM.exidx) refers to rtexit2.o(.ARM.Collect$$rtexit$$00000004) for .ARM.Collect$$rtexit$$00000004
    __raise.o(.text) refers to __printf.o(i.__ARM_common_call_via_r2) for __ARM_common_call_via_r2
    __raise.o(.text) refers to defsig.o(CL$$defsig) for __default_signal_handler
    defsig_general.o(.text) refers to sys_wrch.o(.text) for _ttywrch
    argv_veneer.o(.emb_text) refers to no_argv.o(.text) for __ARM_get_argv
    sys_wrch.o(.text) refers (Special) to use_no_semi.o(.text) for __I$use$semihosting
    sys_wrch.o(.text) refers (Special) to indicate_semi.o(.text) for __semihosting_library_function
    defsig.o(CL$$defsig) refers to defsig_fpe_inner.o(.text) for __rt_SIGFPE_inner
    defsig.o(CL$$defsig) refers to defsig_rtmem_inner.o(.text) for __rt_SIGRTMEM_inner
    _get_argv_nomalloc.o(.text) refers (Special) to hrguard.o(.text) for __heap_region$guard
    _get_argv_nomalloc.o(.text) refers to defsig_rtmem_outer.o(.text) for __rt_SIGRTMEM
    _get_argv_nomalloc.o(.text) refers to sys_command.o(.text) for _sys_command_string
    libshutdown.o(.ARM.Collect$$libshutdown$$00000000) refers (Special) to libshutdown2.o(.ARM.Collect$$libshutdown$$00000002) for __rt_lib_shutdown_cpp_1
    libshutdown.o(.ARM.Collect$$libshutdown$$00000000) refers (Special) to libshutdown2.o(.ARM.Collect$$libshutdown$$00000007) for __rt_lib_shutdown_fp_trap_1
    libshutdown.o(.ARM.Collect$$libshutdown$$00000000) refers (Special) to libshutdown2.o(.ARM.Collect$$libshutdown$$0000000F) for __rt_lib_shutdown_heap_1
    libshutdown.o(.ARM.Collect$$libshutdown$$00000000) refers (Special) to libshutdown2.o(.ARM.Collect$$libshutdown$$00000010) for __rt_lib_shutdown_return
    libshutdown.o(.ARM.Collect$$libshutdown$$00000000) refers (Special) to libshutdown2.o(.ARM.Collect$$libshutdown$$0000000A) for __rt_lib_shutdown_signal_1
    libshutdown.o(.ARM.Collect$$libshutdown$$00000000) refers (Special) to libshutdown2.o(.ARM.Collect$$libshutdown$$00000004) for __rt_lib_shutdown_stdio_1
    libshutdown.o(.ARM.Collect$$libshutdown$$00000000) refers (Special) to libshutdown2.o(.ARM.Collect$$libshutdown$$0000000C) for __rt_lib_shutdown_user_alloc_1
    sys_command.o(.text) refers (Special) to use_no_semi.o(.text) for __I$use$semihosting
    sys_command.o(.text) refers (Special) to indicate_semi.o(.text) for __semihosting_library_function
    defsig_abrt_inner.o(.text) refers to defsig_general.o(.text) for __default_signal_display
    defsig_rtred_inner.o(.text) refers to defsig_general.o(.text) for __default_signal_display
    defsig_rtmem_inner.o(.text) refers to defsig_general.o(.text) for __default_signal_display
    defsig_rtmem_outer.o(.text) refers to defsig_rtmem_inner.o(.text) for __rt_SIGRTMEM_inner
    defsig_rtmem_outer.o(.text) refers to defsig_exit.o(.text) for __sig_exit
    defsig_rtmem_formal.o(.text) refers to rt_raise.o(.text) for __rt_raise
    defsig_stak_inner.o(.text) refers to defsig_general.o(.text) for __default_signal_display
    defsig_pvfn_inner.o(.text) refers to defsig_general.o(.text) for __default_signal_display
    defsig_cppl_inner.o(.text) refers to defsig_general.o(.text) for __default_signal_display
    defsig_segv_inner.o(.text) refers to defsig_general.o(.text) for __default_signal_display
    defsig_other.o(.text) refers to defsig_general.o(.text) for __default_signal_display


==============================================================================

Removing Unused input sections from the image.

    Removing adc.o(i.adc0_init), (48 bytes).
    Removing adc.o(i.adc0_read), (72 bytes).
    Removing delay.o(i.delay_us), (44 bytes).
    Removing irq.o(i.DefaultVICHandler), (16 bytes).
    Removing irq.o(i.init_VIC), (100 bytes).
    Removing irq.o(i.uninstall_irq), (152 bytes).
    Removing nstring.o(i.float_to_asci), (372 bytes).
    Removing nstring.o(i.int_to_asci), (172 bytes).
    Removing nstring.o(i.str_cat), (84 bytes).
    Removing nstring.o(i.str_chr), (60 bytes).
    Removing nstring.o(i.str_cmp), (108 bytes).
    Removing nstring.o(i.str_cpy), (48 bytes).
    Removing nstring.o(i.str_len), (32 bytes).
    Removing nstring.o(i.str_lwr), (68 bytes).
    Removing nstring.o(i.str_ncmp), (108 bytes).
    Removing nstring.o(i.str_ncpy), (44 bytes).
    Removing nstring.o(i.str_rchr), (80 bytes).
    Removing nstring.o(i.str_rev), (76 bytes).
    Removing nstring.o(i.str_str), (132 bytes).
    Removing nstring.o(i.str_upr), (68 bytes).
    Removing serial.o(i.Serial1Handler), (228 bytes).
    Removing serial.o(i.serial0_available), (164 bytes).
    Removing serial.o(i.serial0_flush), (32 bytes).
    Removing serial.o(i.serial0_read), (152 bytes).
    Removing serial.o(i.serial0_responce), (100 bytes).
    Removing serial.o(i.serial1_available), (164 bytes).
    Removing serial.o(i.serial1_buff), (224 bytes).
    Removing serial.o(i.serial1_flush), (32 bytes).
    Removing serial.o(i.serial1_init), (200 bytes).
    Removing serial.o(i.serial1_print), (40 bytes).
    Removing serial.o(i.serial1_read), (152 bytes).
    Removing serial.o(i.serial1_responce), (100 bytes).
    Removing serial.o(i.serial1_write), (64 bytes).
    Removing i2c.o(i.i2c_init), (80 bytes).
    Removing i2c.o(i.i2c_read), (108 bytes).
    Removing i2c.o(i.i2c_read_buffer), (100 bytes).
    Removing i2c.o(i.i2c_restart), (44 bytes).
    Removing i2c.o(i.i2c_start), (56 bytes).
    Removing i2c.o(i.i2c_stop), (28 bytes).
    Removing i2c.o(i.i2c_wait_status), (36 bytes).
    Removing i2c.o(i.i2c_write), (72 bytes).
    Removing i2c.o(i.i2c_write_buffer), (100 bytes).
    Removing spi.o(i.spi_data), (60 bytes).
    Removing spi.o(i.spi_init), (68 bytes).
    Removing rtc.o(i.rtc_get_time), (140 bytes).
    Removing rtc.o(i.rtc_init), (60 bytes).
    Removing rtc.o(i.rtc_set_time), (84 bytes).
    Removing demo.o(i.adc_test), (200 bytes).
    Removing demo.o(i.get_time_date), (344 bytes).
    Removing demo.o(i.gpio_test), (60 bytes).
    Removing demo.o(i.gsm_test), (240 bytes).
    Removing demo.o(i.hcsr04_test), (144 bytes).
    Removing demo.o(i.hex_to_str), (32 bytes).
    Removing demo.o(i.i2c_eeprom_test), (192 bytes).
    Removing demo.o(i.i2c_rtc_test), (92 bytes).
    Removing demo.o(i.lcd_test), (116 bytes).
    Removing demo.o(i.mcp32_test), (128 bytes).
    Removing demo.o(i.oled_test), (96 bytes).
    Removing demo.o(i.rtc_test), (180 bytes).
    Removing demo.o(i.serial_test), (60 bytes).
    Removing demo.o(i.set_time_date), (32 bytes).
    Removing demo.o(.constdata), (8 bytes).
    Removing gsm.o(i.debug), (44 bytes).
    Removing gsm.o(i.dht11_test), (220 bytes).
    Removing gsm.o(i.gsm_cmd), (60 bytes).
    Removing gsm.o(i.gsm_init), (124 bytes).
    Removing gsm.o(i.gsm_msg_read), (208 bytes).
    Removing gsm.o(i.gsm_msg_send), (136 bytes).
    Removing gsm.o(i.gsm_pname), (108 bytes).
    Removing gsm.o(i.gsm_wait), (112 bytes).
    Removing lcd.o(i.lcd_clear), (36 bytes).
    Removing lcd.o(i.lcd_clk), (4 bytes).
    Removing lcd.o(i.lcd_goto_xy), (72 bytes).
    Removing lcd.o(i.lcd_init), (240 bytes).
    Removing lcd.o(i.lcd_nibble), (96 bytes).
    Removing lcd.o(i.lcd_print), (108 bytes).
    Removing lcd.o(i.lcd_print_xy), (44 bytes).
    Removing lcd.o(i.lcd_send), (200 bytes).
    Removing lcd.o(.data), (6 bytes).
    Removing dht11.o(i.dht_read11), (168 bytes).
    Removing dht11.o(i.dht_readSensor), (516 bytes).
    Removing dht11.o(.data), (7 bytes).
    Removing hcsr04.o(i.HCSR04_init), (36 bytes).
    Removing hcsr04.o(i.HCSR04_trigger), (44 bytes).
    Removing hcsr04.o(i.get_pulse_width), (200 bytes).
    Removing mcp320x.o(i.read_mcp320x), (112 bytes).
    Removing oled.o(i.oled_clear), (20 bytes).
    Removing oled.o(i.oled_cmd), (60 bytes).
    Removing oled.o(i.oled_data), (60 bytes).
    Removing oled.o(i.oled_fill), (60 bytes).
    Removing oled.o(i.oled_init), (280 bytes).
    Removing oled.o(i.oled_off), (20 bytes).
    Removing oled.o(i.oled_on), (20 bytes).
    Removing oled.o(i.oled_print_xy), (444 bytes).
    Removing oled.o(i.oled_reset), (24 bytes).
    Removing oled.o(i.oled_set_pixel), (308 bytes).
    Removing oled.o(i.oled_update), (184 bytes).
    Removing oled.o(.bss), (1024 bytes).
    Removing oled.o(.constdata), (19943 bytes).
    Removing oled.o(.data), (5 bytes).

100 unused section(s) (total 31849 bytes) removed from the image.

==============================================================================

Adding Veneers to the image

    Adding TA veneer (4 bytes, Inline) for call to '_printf_percent' from __printf_wp.o(.text).
    Adding AT veneer (8 bytes, Inline) for call to '__rt_lib_init' from __rtentry2.o(.ARM.Collect$$rtentry$$0000000A).
    Adding AT veneer (8 bytes, Inline) for call to '__rt_lib_shutdown' from rtexit2.o(.ARM.Collect$$rtexit$$00000003).
    Adding TA veneer (4 bytes, Inline) for call to '__rt_exit' from exit.o(.text).
    Adding AT veneer (8 bytes, Inline) for call to '__2sprintf' from demo.o(i.keypad_test).
    Adding AT veneer (8 bytes, Inline) for call to '_printf_int_dec' from _printf_d.o(.ARM.Collect$$_printf_percent$$00000009).
    Adding TA veneer (4 bytes, Inline) for call to '__rt_udiv10' from _printf_dec.o(.text).
    Adding AT veneer (8 bytes, Inline) for call to '_sys_exit' from rtexit2.o(.ARM.Collect$$rtexit$$00000004).

8 Veneer(s) (total 52 bytes) added to the image.

==============================================================================

Image Symbol Table

    Local Symbols

    Symbol Name                              Value     Ov Type        Size  Object(Section)

    RESET                                    0x00000000   Section      272  startup.o(RESET)
    ../clib/angel/boardlib.s                 0x00000000   Number         0  boardinit1.o ABSOLUTE
    ../clib/angel/boardlib.s                 0x00000000   Number         0  boardshut.o ABSOLUTE
    ../clib/angel/boardlib.s                 0x00000000   Number         0  boardinit2.o ABSOLUTE
    ../clib/angel/boardlib.s                 0x00000000   Number         0  boardinit3.o ABSOLUTE
    ../clib/angel/handlers.s                 0x00000000   Number         0  __scatter_zi.o ABSOLUTE
    ../clib/angel/handlers.s                 0x00000000   Number         0  __scatter_copy.o ABSOLUTE
    ../clib/angel/kernel.s                   0x00000000   Number         0  rtexit2.o ABSOLUTE
    ../clib/angel/kernel.s                   0x00000000   Number         0  __rtentry.o ABSOLUTE
    ../clib/angel/kernel.s                   0x00000000   Number         0  __rtentry2.o ABSOLUTE
    ../clib/angel/kernel.s                   0x00000000   Number         0  rtexit.o ABSOLUTE
    ../clib/angel/kernel.s                   0x00000000   Number         0  __rtentry4.o ABSOLUTE
    ../clib/angel/rt.s                       0x00000000   Number         0  aeabi_ldiv0_sigfpe.o ABSOLUTE
    ../clib/angel/rt.s                       0x00000000   Number         0  rt_div0.o ABSOLUTE
    ../clib/angel/rt.s                       0x00000000   Number         0  aeabi_idiv0_sigfpe.o ABSOLUTE
    ../clib/angel/rt.s                       0x00000000   Number         0  aeabi_ldiv0.o ABSOLUTE
    ../clib/angel/rt.s                       0x00000000   Number         0  rt_raise.o ABSOLUTE
    ../clib/angel/rt.s                       0x00000000   Number         0  aeabi_idiv0.o ABSOLUTE
    ../clib/angel/scatter.s                  0x00000000   Number         0  __scatter.o ABSOLUTE
    ../clib/angel/startup.s                  0x00000000   Number         0  __main.o ABSOLUTE
    ../clib/angel/sys.s                      0x00000000   Number         0  sys_stackheap_outer.o ABSOLUTE
    ../clib/angel/sys.s                      0x00000000   Number         0  libspace.o ABSOLUTE
    ../clib/angel/sys.s                      0x00000000   Number         0  indicate_semi.o ABSOLUTE
    ../clib/angel/sys.s                      0x00000000   Number         0  use_no_semi.o ABSOLUTE
    ../clib/angel/sysapp.c                   0x00000000   Number         0  sys_command.o ABSOLUTE
    ../clib/angel/sysapp.c                   0x00000000   Number         0  sys_exit.o ABSOLUTE
    ../clib/angel/sysapp.c                   0x00000000   Number         0  sys_wrch.o ABSOLUTE
    ../clib/armsys.c                         0x00000000   Number         0  no_argv.o ABSOLUTE
    ../clib/armsys.c                         0x00000000   Number         0  argv_veneer.o ABSOLUTE
    ../clib/armsys.c                         0x00000000   Number         0  argv_veneer.o ABSOLUTE
    ../clib/armsys.c                         0x00000000   Number         0  _get_argv_nomalloc.o ABSOLUTE
    ../clib/division.s                       0x00000000   Number         0  aeabi_sdiv.o ABSOLUTE
    ../clib/division.s                       0x00000000   Number         0  rtudiv10.o ABSOLUTE
    ../clib/division.s                       0x00000000   Number         0  aeabi_sdiv_div0.o ABSOLUTE
    ../clib/divrt.s                          0x00000000   Number         0  divrt_7tdmi_div0.o ABSOLUTE
    ../clib/divrt.s                          0x00000000   Number         0  divrt_7tdmi.o ABSOLUTE
    ../clib/heapalloc.c                      0x00000000   Number         0  hrguard.o ABSOLUTE
    ../clib/heapaux.c                        0x00000000   Number         0  heapauxi.o ABSOLUTE
    ../clib/libinit.s                        0x00000000   Number         0  libshutdown2.o ABSOLUTE
    ../clib/libinit.s                        0x00000000   Number         0  libinit2.o ABSOLUTE
    ../clib/libinit.s                        0x00000000   Number         0  libshutdown.o ABSOLUTE
    ../clib/libinit.s                        0x00000000   Number         0  libinit.o ABSOLUTE
    ../clib/longlong.s                       0x00000000   Number         0  lludiv.o ABSOLUTE
    ../clib/memcpset.s                       0x00000000   Number         0  rt_memcpy_w.o ABSOLUTE
    ../clib/misc.s                           0x00000000   Number         0  printf_stubs.o ABSOLUTE
    ../clib/printf.c                         0x00000000   Number         0  __printf_ss.o ABSOLUTE
    ../clib/printf.c                         0x00000000   Number         0  __printf_flags_ss.o ABSOLUTE
    ../clib/printf.c                         0x00000000   Number         0  __printf_wp.o ABSOLUTE
    ../clib/printf.c                         0x00000000   Number         0  __printf_flags_wp.o ABSOLUTE
    ../clib/printf.c                         0x00000000   Number         0  __printf_ss_wp.o ABSOLUTE
    ../clib/printf.c                         0x00000000   Number         0  __printf_flags_ss_wp.o ABSOLUTE
    ../clib/printf.c                         0x00000000   Number         0  __printf_nopercent.o ABSOLUTE
    ../clib/printf.c                         0x00000000   Number         0  noretval__2sprintf.o ABSOLUTE
    ../clib/printf.c                         0x00000000   Number         0  _printf_intcommon.o ABSOLUTE
    ../clib/printf.c                         0x00000000   Number         0  _printf_char_common.o ABSOLUTE
    ../clib/printf.c                         0x00000000   Number         0  _sputc.o ABSOLUTE
    ../clib/printf.c                         0x00000000   Number         0  __2sprintf.o ABSOLUTE
    ../clib/printf.c                         0x00000000   Number         0  __printf.o ABSOLUTE
    ../clib/printf.c                         0x00000000   Number         0  _printf_pad.o ABSOLUTE
    ../clib/printf.c                         0x00000000   Number         0  _printf_dec.o ABSOLUTE
    ../clib/printf.c                         0x00000000   Number         0  __printf_flags.o ABSOLUTE
    ../clib/printf_percent.s                 0x00000000   Number         0  _printf_percent_end.o ABSOLUTE
    ../clib/printf_percent.s                 0x00000000   Number         0  _printf_d.o ABSOLUTE
    ../clib/printf_percent.s                 0x00000000   Number         0  _printf_percent.o ABSOLUTE
    ../clib/signal.c                         0x00000000   Number         0  defsig_rtmem_formal.o ABSOLUTE
    ../clib/signal.c                         0x00000000   Number         0  defsig_rtmem_outer.o ABSOLUTE
    ../clib/signal.c                         0x00000000   Number         0  defsig_rtmem_inner.o ABSOLUTE
    ../clib/signal.c                         0x00000000   Number         0  defsig_fpe_formal.o ABSOLUTE
    ../clib/signal.c                         0x00000000   Number         0  defsig_rtred_inner.o ABSOLUTE
    ../clib/signal.c                         0x00000000   Number         0  defsig_abrt_inner.o ABSOLUTE
    ../clib/signal.c                         0x00000000   Number         0  defsig_segv_inner.o ABSOLUTE
    ../clib/signal.c                         0x00000000   Number         0  defsig_general.o ABSOLUTE
    ../clib/signal.c                         0x00000000   Number         0  __raise.o ABSOLUTE
    ../clib/signal.c                         0x00000000   Number         0  defsig_exit.o ABSOLUTE
    ../clib/signal.c                         0x00000000   Number         0  defsig_other.o ABSOLUTE
    ../clib/signal.c                         0x00000000   Number         0  defsig_fpe_inner.o ABSOLUTE
    ../clib/signal.c                         0x00000000   Number         0  defsig_fpe_outer.o ABSOLUTE
    ../clib/signal.c                         0x00000000   Number         0  defsig_cppl_inner.o ABSOLUTE
    ../clib/signal.c                         0x00000000   Number         0  defsig_pvfn_inner.o ABSOLUTE
    ../clib/signal.c                         0x00000000   Number         0  defsig_stak_inner.o ABSOLUTE
    ../clib/signal.s                         0x00000000   Number         0  defsig.o ABSOLUTE
    ../clib/stdlib.c                         0x00000000   Number         0  exit.o ABSOLUTE
    ../fplib/fcmpi.s                         0x00000000   Number         0  fcmpi.o ABSOLUTE
    ../fplib/ffix.s                          0x00000000   Number         0  ffix.o ABSOLUTE
    ../fplib/fleqf.s                         0x00000000   Number         0  fleqf.o ABSOLUTE
    ../fplib/fmul.s                          0x00000000   Number         0  fmul.o ABSOLUTE
    ../fplib/fnaninf.s                       0x00000000   Number         0  fnaninf.o ABSOLUTE
    ../fplib/fpinit.s                        0x00000000   Number         0  fpinit.o ABSOLUTE
    ../fplib/fretinf.s                       0x00000000   Number         0  fretinf.o ABSOLUTE
    ../fplib/usenofp.s                       0x00000000   Number         0  usenofp.o ABSOLUTE
    Startup.s                                0x00000000   Number         0  startup.o ABSOLUTE
    dc.s                                     0x00000000   Number         0  dc.o ABSOLUTE
    demo.c                                   0x00000000   Number         0  demo.o ABSOLUTE
    lib\adc\adc.c                            0x00000000   Number         0  adc.o ABSOLUTE
    lib\delay\delay.c                        0x00000000   Number         0  delay.o ABSOLUTE
    lib\gpio\gpio.c                          0x00000000   Number         0  gpio.o ABSOLUTE
    lib\i2c\i2c.c                            0x00000000   Number         0  i2c.o ABSOLUTE
    lib\irq\irq.c                            0x00000000   Number         0  irq.o ABSOLUTE
    lib\nstring\Nstring.c                    0x00000000   Number         0  nstring.o ABSOLUTE
    lib\rtc\rtc.c                            0x00000000   Number         0  rtc.o ABSOLUTE
    lib\serial\serial.c                      0x00000000   Number         0  serial.o ABSOLUTE
    lib\spi\spi.c                            0x00000000   Number         0  spi.o ABSOLUTE
    main.c                                   0x00000000   Number         0  main.o ABSOLUTE
    modules\SSD1306\oled.c                   0x00000000   Number         0  oled.o ABSOLUTE
    modules\dht11\dht11.c                    0x00000000   Number         0  dht11.o ABSOLUTE
    modules\gsm\gsm.c                        0x00000000   Number         0  gsm.o ABSOLUTE
    modules\hcsr04\hcsr04.c                  0x00000000   Number         0  hcsr04.o ABSOLUTE
    modules\keypad\keypad.c                  0x00000000   Number         0  keypad.o ABSOLUTE
    modules\lcd\lcd.c                        0x00000000   Number         0  lcd.o ABSOLUTE
    modules\mcp320x\mcp320x.c                0x00000000   Number         0  mcp320x.o ABSOLUTE
    Undef_Handler                            0x00000040   ARM Code       4  startup.o(RESET)
    SWI_Handler                              0x00000044   ARM Code       4  startup.o(RESET)
    PAbt_Handler                             0x00000048   ARM Code       4  startup.o(RESET)
    DAbt_Handler                             0x0000004c   ARM Code       4  startup.o(RESET)
    IRQ_Handler                              0x00000050   ARM Code       4  startup.o(RESET)
    FIQ_Handler                              0x00000054   ARM Code       4  startup.o(RESET)
    !!!main                                  0x00000110   Section        8  __main.o(!!!main)
    !!!scatter                               0x00000118   Section       60  __scatter.o(!!!scatter)
    !!handler_copy                           0x00000154   Section       40  __scatter_copy.o(!!handler_copy)
    !!handler_zi                             0x0000017c   Section       44  __scatter_zi.o(!!handler_zi)
    .ARM.Collect$$_printf_percent$$00000000  0x000001ac   Section        0  _printf_percent.o(.ARM.Collect$$_printf_percent$$00000000)
    .ARM.Collect$$_printf_percent$$00000009  0x000001ac   Section        8  _printf_d.o(.ARM.Collect$$_printf_percent$$00000009)
    .ARM.Collect$$_printf_percent$$00000017  0x000001b4   Section        8  _printf_percent_end.o(.ARM.Collect$$_printf_percent$$00000017)
    .ARM.Collect$$libinit$$00000000          0x000001c4   Section        2  libinit.o(.ARM.Collect$$libinit$$00000000)
    .ARM.Collect$$libinit$$00000002          0x000001c6   Section        0  libinit2.o(.ARM.Collect$$libinit$$00000002)
    .ARM.Collect$$libinit$$00000004          0x000001c6   Section        0  libinit2.o(.ARM.Collect$$libinit$$00000004)
    .ARM.Collect$$libinit$$0000000A          0x000001c6   Section        0  libinit2.o(.ARM.Collect$$libinit$$0000000A)
    .ARM.Collect$$libinit$$0000000C          0x000001c6   Section        0  libinit2.o(.ARM.Collect$$libinit$$0000000C)
    .ARM.Collect$$libinit$$0000000E          0x000001c6   Section        0  libinit2.o(.ARM.Collect$$libinit$$0000000E)
    .ARM.Collect$$libinit$$00000011          0x000001c6   Section        0  libinit2.o(.ARM.Collect$$libinit$$00000011)
    .ARM.Collect$$libinit$$00000013          0x000001c6   Section        0  libinit2.o(.ARM.Collect$$libinit$$00000013)
    .ARM.Collect$$libinit$$00000015          0x000001c6   Section        0  libinit2.o(.ARM.Collect$$libinit$$00000015)
    .ARM.Collect$$libinit$$00000017          0x000001c6   Section        0  libinit2.o(.ARM.Collect$$libinit$$00000017)
    .ARM.Collect$$libinit$$00000019          0x000001c6   Section        0  libinit2.o(.ARM.Collect$$libinit$$00000019)
    .ARM.Collect$$libinit$$0000001B          0x000001c6   Section        0  libinit2.o(.ARM.Collect$$libinit$$0000001B)
    .ARM.Collect$$libinit$$0000001D          0x000001c6   Section        0  libinit2.o(.ARM.Collect$$libinit$$0000001D)
    .ARM.Collect$$libinit$$0000001F          0x000001c6   Section        0  libinit2.o(.ARM.Collect$$libinit$$0000001F)
    .ARM.Collect$$libinit$$00000021          0x000001c6   Section        0  libinit2.o(.ARM.Collect$$libinit$$00000021)
    .ARM.Collect$$libinit$$00000023          0x000001c6   Section        0  libinit2.o(.ARM.Collect$$libinit$$00000023)
    .ARM.Collect$$libinit$$00000025          0x000001c6   Section        0  libinit2.o(.ARM.Collect$$libinit$$00000025)
    .ARM.Collect$$libinit$$0000002C          0x000001c6   Section        0  libinit2.o(.ARM.Collect$$libinit$$0000002C)
    .ARM.Collect$$libinit$$0000002E          0x000001c6   Section        0  libinit2.o(.ARM.Collect$$libinit$$0000002E)
    .ARM.Collect$$libinit$$00000030          0x000001c6   Section        0  libinit2.o(.ARM.Collect$$libinit$$00000030)
    .ARM.Collect$$libinit$$00000032          0x000001c6   Section        0  libinit2.o(.ARM.Collect$$libinit$$00000032)
    .ARM.Collect$$libinit$$00000033          0x000001c6   Section       12  libinit2.o(.ARM.Collect$$libinit$$00000033)
    .ARM.Collect$$libshutdown$$00000000      0x000001dc   Section        4  libshutdown.o(.ARM.Collect$$libshutdown$$00000000)
    .ARM.Collect$$libshutdown$$00000002      0x000001e0   Section        0  libshutdown2.o(.ARM.Collect$$libshutdown$$00000002)
    .ARM.Collect$$libshutdown$$00000004      0x000001e0   Section        0  libshutdown2.o(.ARM.Collect$$libshutdown$$00000004)
    .ARM.Collect$$libshutdown$$00000007      0x000001e0   Section        0  libshutdown2.o(.ARM.Collect$$libshutdown$$00000007)
    .ARM.Collect$$libshutdown$$0000000A      0x000001e0   Section        0  libshutdown2.o(.ARM.Collect$$libshutdown$$0000000A)
    .ARM.Collect$$libshutdown$$0000000C      0x000001e0   Section        0  libshutdown2.o(.ARM.Collect$$libshutdown$$0000000C)
    .ARM.Collect$$libshutdown$$0000000F      0x000001e0   Section        0  libshutdown2.o(.ARM.Collect$$libshutdown$$0000000F)
    .ARM.Collect$$libshutdown$$00000010      0x000001e0   Section        6  libshutdown2.o(.ARM.Collect$$libshutdown$$00000010)
    .ARM.Collect$$rtentry$$00000000          0x000001e8   Section        0  __rtentry.o(.ARM.Collect$$rtentry$$00000000)
    .ARM.Collect$$rtentry$$00000002          0x000001e8   Section        0  __rtentry2.o(.ARM.Collect$$rtentry$$00000002)
    .ARM.Collect$$rtentry$$00000004          0x000001e8   Section        8  __rtentry4.o(.ARM.Collect$$rtentry$$00000004)
    .ARM.Collect$$rtentry$$00000009          0x000001f0   Section        0  __rtentry2.o(.ARM.Collect$$rtentry$$00000009)
    .ARM.Collect$$rtentry$$0000000A          0x000001f0   Section        4  __rtentry2.o(.ARM.Collect$$rtentry$$0000000A)
    .ARM.Collect$$rtentry$$0000000C          0x000001f4   Section        0  __rtentry2.o(.ARM.Collect$$rtentry$$0000000C)
    .ARM.Collect$$rtentry$$0000000D          0x000001f4   Section       40  __rtentry2.o(.ARM.Collect$$rtentry$$0000000D)
    .ARM.Collect$$rtexit$$00000000           0x00000220   Section        4  rtexit.o(.ARM.Collect$$rtexit$$00000000)
    .ARM.Collect$$rtexit$$00000002           0x00000224   Section        0  rtexit2.o(.ARM.Collect$$rtexit$$00000002)
    .ARM.Collect$$rtexit$$00000003           0x00000224   Section        4  rtexit2.o(.ARM.Collect$$rtexit$$00000003)
    .ARM.Collect$$rtexit$$00000004           0x00000228   Section        8  rtexit2.o(.ARM.Collect$$rtexit$$00000004)
    .text                                    0x00000230   Section       32  startup.o(.text)
    .text                                    0x00000250   Section      720  lludiv.o(.text)
    .text                                    0x00000528   Section        0  noretval__2sprintf.o(.text)
    .text                                    0x00000558   Section        0  _printf_dec.o(.text)
    .text                                    0x000005c8   Section        0  __printf_wp.o(.text)
    .text                                    0x000006e8   Section      384  aeabi_sdiv.o(.text)
    __arm_div8                               0x00000714   ARM Code       0  aeabi_sdiv.o(.text)
    __arm_div5                               0x00000738   ARM Code       0  aeabi_sdiv.o(.text)
    __arm_div2                               0x0000075c   ARM Code       0  aeabi_sdiv.o(.text)
    __arm_div_large                          0x00000798   ARM Code       0  aeabi_sdiv.o(.text)
    .text                                    0x00000868   Section        0  heapauxi.o(.text)
    .text                                    0x0000086e   Section        0  _printf_intcommon.o(.text)
    .text                                    0x00000928   Section        0  _printf_char_common.o(.text)
    _printf_input_char                       0x00000929   Thumb Code    10  _printf_char_common.o(.text)
    .text                                    0x00000958   Section        0  _sputc.o(.text)
    .text                                    0x00000968   Section       44  rtudiv10.o(.text)
    .text                                    0x00000994   Section       96  sys_stackheap_outer.o(.text)
    .text                                    0x000009f4   Section        0  exit.o(.text)
    .text                                    0x00000a08   Section       12  libspace.o(.text)
    .text                                    0x00000a1c   Section        0  sys_exit.o(.text)
    .text                                    0x00000a28   Section        4  use_no_semi.o(.text)
    .text                                    0x00000a2c   Section        0  indicate_semi.o(.text)
    .text_udiv                               0x00000a2c   Section       36  aeabi_sdiv.o(.text_udiv)
    i.Serial0Handler                         0x00000a50   Section        0  serial.o(i.Serial0Handler)
    i.__ARM_common_call_via_r1               0x00000b34   Section        0  __printf.o(i.__ARM_common_call_via_r1)
    i.__ARM_common_call_via_r2               0x00000b36   Section        0  __printf.o(i.__ARM_common_call_via_r2)
    i._is_digit                              0x00000b38   Section        0  __printf_wp.o(i._is_digit)
    i.delay_ms                               0x00000b48   Section        0  delay.o(i.delay_ms)
    i.get_keypad_key                         0x00000b7c   Section        0  keypad.o(i.get_keypad_key)
    i.gpio_pin_mode                          0x00000c74   Section        0  gpio.o(i.gpio_pin_mode)
    i.gpio_pin_read                          0x00000dbc   Section        0  gpio.o(i.gpio_pin_read)
    i.gpio_pin_write                         0x00000e0c   Section        0  gpio.o(i.gpio_pin_write)
    i.install_irq                            0x00000eb8   Section        0  irq.o(i.install_irq)
    i.keypad_test                            0x00000f48   Section        0  demo.o(i.keypad_test)
    i.main                                   0x00000fcc   Section        0  main.o(i.main)
    i.serial0_buff                           0x00000fe0   Section        0  serial.o(i.serial0_buff)
    i.serial0_init                           0x000010c0   Section        0  serial.o(i.serial0_init)
    i.serial0_print                          0x0000118c   Section        0  serial.o(i.serial0_print)
    i.serial0_write                          0x000011b4   Section        0  serial.o(i.serial0_write)
    .data                                    0x40000000   Section       18  serial.o(.data)
    .data                                    0x40000012   Section        8  keypad.o(.data)
    .bss                                     0x4000001c   Section     1024  serial.o(.bss)
    .bss                                     0x4000041c   Section       96  libspace.o(.bss)
    HEAP                                     0x40000480   Section        0  startup.o(HEAP)
    STACK                                    0x40000480   Section     1160  startup.o(STACK)
    Heap_Mem                                 0x40000480   Data           0  startup.o(HEAP)
    Stack_Mem                                0x40000480   Data        1024  startup.o(STACK)
    Stack_Top                                0x40000908   Data           0  startup.o(STACK)

    Global Symbols

    Symbol Name                              Value     Ov Type        Size  Object(Section)

    BuildAttributes$$THM_ISAv1$ARM_ISAv4$S$PE$A:L22$X:L11$S22$IEEE1$IW$USESV6$~STKCKD$USESV7$~SHL$OSPACE$ROPI$EBA8$UX$STANDARDLIB$REQ8$PRES8$EABIv2 0x00000000   Number         0  anon$$obj.o ABSOLUTE
    __ARM_use_no_argv                        0x00000000   Number         0  main.o ABSOLUTE
    _printf_flags                            0x00000000   Number         0  printf_stubs.o ABSOLUTE
    _printf_return_value                     0x00000000   Number         0  printf_stubs.o ABSOLUTE
    _printf_sizespec                         0x00000000   Number         0  printf_stubs.o ABSOLUTE
    _printf_widthprec                        0x00000000   Number         0  printf_stubs.o ABSOLUTE
    __ARM_exceptions_init                     - Undefined Weak Reference
    __alloca_initialize                       - Undefined Weak Reference
    __arm_preinit_                            - Undefined Weak Reference
    __cpp_initialize__aeabi_                  - Undefined Weak Reference
    __cxa_finalize                            - Undefined Weak Reference
    __rt_locale                               - Undefined Weak Reference
    __sigvec_lookup                           - Undefined Weak Reference
    _atexit_init                              - Undefined Weak Reference
    _call_atexit_fns                          - Undefined Weak Reference
    _clock_init                               - Undefined Weak Reference
    _fp_trap_init                             - Undefined Weak Reference
    _fp_trap_shutdown                         - Undefined Weak Reference
    _get_lc_collate                           - Undefined Weak Reference
    _get_lc_ctype                             - Undefined Weak Reference
    _get_lc_monetary                          - Undefined Weak Reference
    _get_lc_numeric                           - Undefined Weak Reference
    _get_lc_time                              - Undefined Weak Reference
    _getenv_init                              - Undefined Weak Reference
    _handle_redirection                       - Undefined Weak Reference
    _init_alloc                               - Undefined Weak Reference
    _init_user_alloc                          - Undefined Weak Reference
    _initio                                   - Undefined Weak Reference
    _printf_truncate_signed                   - Undefined Weak Reference
    _printf_truncate_unsigned                 - Undefined Weak Reference
    _rand_init                                - Undefined Weak Reference
    _signal_finish                            - Undefined Weak Reference
    _signal_init                              - Undefined Weak Reference
    _terminate_alloc                          - Undefined Weak Reference
    _terminate_user_alloc                     - Undefined Weak Reference
    _terminateio                              - Undefined Weak Reference
    Reset_Handler                            0x00000058   ARM Code       0  startup.o(RESET)
    __main                                   0x00000110   ARM Code       8  __main.o(!!!main)
    __scatterload                            0x00000118   ARM Code       0  __scatter.o(!!!scatter)
    __scatterload_rt2                        0x00000118   ARM Code      52  __scatter.o(!!!scatter)
    __scatterload_null                       0x0000012c   ARM Code       0  __scatter.o(!!!scatter)
    __scatterload_copy                       0x00000154   ARM Code      40  __scatter_copy.o(!!handler_copy)
    __scatterload_zeroinit                   0x0000017c   ARM Code      44  __scatter_zi.o(!!handler_zi)
    Inline Thumb to ARM Veneer to _printf_percent 0x000001a9   Thumb Code     4  _printf_percent.o(.ARM.Collect$$_printf_percent$$00000000)
    _printf_d                                0x000001ac   ARM Code       0  _printf_d.o(.ARM.Collect$$_printf_percent$$00000009)
    _printf_percent                          0x000001ac   ARM Code       0  _printf_percent.o(.ARM.Collect$$_printf_percent$$00000000)
    _printf_percent_end                      0x000001b4   ARM Code       0  _printf_percent_end.o(.ARM.Collect$$_printf_percent$$00000017)
    Inline ARM to Thumb Veneer to __rt_lib_init 0x000001bc   ARM Code       8  libinit.o(.ARM.Collect$$libinit$$00000000)
    __rt_lib_init                            0x000001c5   Thumb Code     0  libinit.o(.ARM.Collect$$libinit$$00000000)
    __rt_lib_init_alloca_1                   0x000001c7   Thumb Code     0  libinit2.o(.ARM.Collect$$libinit$$0000002E)
    __rt_lib_init_argv_1                     0x000001c7   Thumb Code     0  libinit2.o(.ARM.Collect$$libinit$$0000002C)
    __rt_lib_init_atexit_1                   0x000001c7   Thumb Code     0  libinit2.o(.ARM.Collect$$libinit$$0000001B)
    __rt_lib_init_clock_1                    0x000001c7   Thumb Code     0  libinit2.o(.ARM.Collect$$libinit$$00000021)
    __rt_lib_init_cpp_1                      0x000001c7   Thumb Code     0  libinit2.o(.ARM.Collect$$libinit$$00000032)
    __rt_lib_init_exceptions_1               0x000001c7   Thumb Code     0  libinit2.o(.ARM.Collect$$libinit$$00000030)
    __rt_lib_init_fp_1                       0x000001c7   Thumb Code     0  libinit2.o(.ARM.Collect$$libinit$$00000002)
    __rt_lib_init_fp_trap_1                  0x000001c7   Thumb Code     0  libinit2.o(.ARM.Collect$$libinit$$0000001F)
    __rt_lib_init_getenv_1                   0x000001c7   Thumb Code     0  libinit2.o(.ARM.Collect$$libinit$$00000023)
    __rt_lib_init_heap_1                     0x000001c7   Thumb Code     0  libinit2.o(.ARM.Collect$$libinit$$0000000A)
    __rt_lib_init_lc_collate_1               0x000001c7   Thumb Code     0  libinit2.o(.ARM.Collect$$libinit$$00000011)
    __rt_lib_init_lc_ctype_1                 0x000001c7   Thumb Code     0  libinit2.o(.ARM.Collect$$libinit$$00000013)
    __rt_lib_init_lc_monetary_1              0x000001c7   Thumb Code     0  libinit2.o(.ARM.Collect$$libinit$$00000015)
    __rt_lib_init_lc_numeric_1               0x000001c7   Thumb Code     0  libinit2.o(.ARM.Collect$$libinit$$00000017)
    __rt_lib_init_lc_time_1                  0x000001c7   Thumb Code     0  libinit2.o(.ARM.Collect$$libinit$$00000019)
    __rt_lib_init_preinit_1                  0x000001c7   Thumb Code     0  libinit2.o(.ARM.Collect$$libinit$$00000004)
    __rt_lib_init_rand_1                     0x000001c7   Thumb Code     0  libinit2.o(.ARM.Collect$$libinit$$0000000E)
    __rt_lib_init_return                     0x000001c7   Thumb Code     0  libinit2.o(.ARM.Collect$$libinit$$00000033)
    __rt_lib_init_signal_1                   0x000001c7   Thumb Code     0  libinit2.o(.ARM.Collect$$libinit$$0000001D)
    __rt_lib_init_stdio_1                    0x000001c7   Thumb Code     0  libinit2.o(.ARM.Collect$$libinit$$00000025)
    __rt_lib_init_user_alloc_1               0x000001c7   Thumb Code     0  libinit2.o(.ARM.Collect$$libinit$$0000000C)
    Inline ARM to Thumb Veneer to __rt_lib_shutdown 0x000001d4   ARM Code       8  libshutdown.o(.ARM.Collect$$libshutdown$$00000000)
    __rt_lib_shutdown                        0x000001dd   Thumb Code     0  libshutdown.o(.ARM.Collect$$libshutdown$$00000000)
    __rt_lib_shutdown_cpp_1                  0x000001e1   Thumb Code     0  libshutdown2.o(.ARM.Collect$$libshutdown$$00000002)
    __rt_lib_shutdown_fp_trap_1              0x000001e1   Thumb Code     0  libshutdown2.o(.ARM.Collect$$libshutdown$$00000007)
    __rt_lib_shutdown_heap_1                 0x000001e1   Thumb Code     0  libshutdown2.o(.ARM.Collect$$libshutdown$$0000000F)
    __rt_lib_shutdown_return                 0x000001e1   Thumb Code     0  libshutdown2.o(.ARM.Collect$$libshutdown$$00000010)
    __rt_lib_shutdown_signal_1               0x000001e1   Thumb Code     0  libshutdown2.o(.ARM.Collect$$libshutdown$$0000000A)
    __rt_lib_shutdown_stdio_1                0x000001e1   Thumb Code     0  libshutdown2.o(.ARM.Collect$$libshutdown$$00000004)
    __rt_lib_shutdown_user_alloc_1           0x000001e1   Thumb Code     0  libshutdown2.o(.ARM.Collect$$libshutdown$$0000000C)
    __rt_entry                               0x000001e8   ARM Code       0  __rtentry.o(.ARM.Collect$$rtentry$$00000000)
    __rt_entry_presh_1                       0x000001e8   ARM Code       0  __rtentry2.o(.ARM.Collect$$rtentry$$00000002)
    __rt_entry_sh                            0x000001e8   ARM Code       0  __rtentry4.o(.ARM.Collect$$rtentry$$00000004)
    __rt_entry_li                            0x000001f0   ARM Code       0  __rtentry2.o(.ARM.Collect$$rtentry$$0000000A)
    __rt_entry_postsh_1                      0x000001f0   ARM Code       0  __rtentry2.o(.ARM.Collect$$rtentry$$00000009)
    __rt_entry_main                          0x000001f4   ARM Code       0  __rtentry2.o(.ARM.Collect$$rtentry$$0000000D)
    __rt_entry_postli_1                      0x000001f4   ARM Code       0  __rtentry2.o(.ARM.Collect$$rtentry$$0000000C)
    Inline Thumb to ARM Veneer to __rt_exit  0x0000021d   Thumb Code     4  rtexit.o(.ARM.Collect$$rtexit$$00000000)
    __rt_exit                                0x00000220   ARM Code       0  rtexit.o(.ARM.Collect$$rtexit$$00000000)
    __rt_exit_ls                             0x00000224   ARM Code       0  rtexit2.o(.ARM.Collect$$rtexit$$00000003)
    __rt_exit_prels_1                        0x00000224   ARM Code       0  rtexit2.o(.ARM.Collect$$rtexit$$00000002)
    __rt_exit_exit                           0x00000228   ARM Code       0  rtexit2.o(.ARM.Collect$$rtexit$$00000004)
    __user_initial_stackheap                 0x00000230   ARM Code       0  startup.o(.text)
    __aeabi_uldivmod                         0x00000250   ARM Code       0  lludiv.o(.text)
    _ll_udiv                                 0x00000250   ARM Code     720  lludiv.o(.text)
    _ll_udiv_donemoving                      0x00000264   ARM Code       0  lludiv.o(.text)
    Inline ARM to Thumb Veneer to __2sprintf 0x00000520   ARM Code       8  noretval__2sprintf.o(.text)
    __2sprintf                               0x00000529   Thumb Code    36  noretval__2sprintf.o(.text)
    Inline ARM to Thumb Veneer to _printf_int_dec 0x00000550   ARM Code       8  _printf_dec.o(.text)
    _printf_int_dec                          0x00000559   Thumb Code    94  _printf_dec.o(.text)
    __printf                                 0x000005c9   Thumb Code   286  __printf_wp.o(.text)
    __aeabi_idiv                             0x000006e8   ARM Code       0  aeabi_sdiv.o(.text)
    __aeabi_idivmod                          0x000006e8   ARM Code     384  aeabi_sdiv.o(.text)
    __use_two_region_memory                  0x00000869   Thumb Code     2  heapauxi.o(.text)
    __rt_heap_escrow$2region                 0x0000086b   Thumb Code     2  heapauxi.o(.text)
    __rt_heap_expand$2region                 0x0000086d   Thumb Code     2  heapauxi.o(.text)
    _printf_int_common                       0x0000086f   Thumb Code   186  _printf_intcommon.o(.text)
    _printf_char_common                      0x00000933   Thumb Code    34  _printf_char_common.o(.text)
    _sputc                                   0x00000959   Thumb Code    10  _sputc.o(.text)
    Inline Thumb to ARM Veneer to __rt_udiv10 0x00000965   Thumb Code     4  rtudiv10.o(.text)
    __rt_udiv10                              0x00000968   ARM Code      44  rtudiv10.o(.text)
    __user_setup_stackheap                   0x00000994   ARM Code      96  sys_stackheap_outer.o(.text)
    exit                                     0x000009f5   Thumb Code    20  exit.o(.text)
    __user_libspace                          0x00000a08   ARM Code      12  libspace.o(.text)
    __user_perproc_libspace                  0x00000a08   ARM Code       0  libspace.o(.text)
    __user_perthread_libspace                0x00000a08   ARM Code       0  libspace.o(.text)
    Inline ARM to Thumb Veneer to _sys_exit  0x00000a14   ARM Code       8  sys_exit.o(.text)
    _sys_exit                                0x00000a1d   Thumb Code     8  sys_exit.o(.text)
    __I$use$semihosting                      0x00000a28   ARM Code       0  use_no_semi.o(.text)
    __use_no_semihosting_swi                 0x00000a28   ARM Code       4  use_no_semi.o(.text)
    __aeabi_uidiv                            0x00000a2c   ARM Code       0  aeabi_sdiv.o(.text_udiv)
    __aeabi_uidivmod                         0x00000a2c   ARM Code      36  aeabi_sdiv.o(.text_udiv)
    __semihosting_library_function           0x00000a2c   ARM Code       0  indicate_semi.o(.text)
    Serial0Handler                           0x00000a50   ARM Code     220  serial.o(i.Serial0Handler)
    __ARM_common_call_via_r1                 0x00000b35   Thumb Code     2  __printf.o(i.__ARM_common_call_via_r1)
    __ARM_common_call_via_r2                 0x00000b37   Thumb Code     2  __printf.o(i.__ARM_common_call_via_r2)
    _is_digit                                0x00000b39   Thumb Code    14  __printf_wp.o(i._is_digit)
    delay_ms                                 0x00000b48   ARM Code      48  delay.o(i.delay_ms)
    get_keypad_key                           0x00000b7c   ARM Code     244  keypad.o(i.get_keypad_key)
    gpio_pin_mode                            0x00000c74   ARM Code     320  gpio.o(i.gpio_pin_mode)
    gpio_pin_read                            0x00000dbc   ARM Code      76  gpio.o(i.gpio_pin_read)
    gpio_pin_write                           0x00000e0c   ARM Code     168  gpio.o(i.gpio_pin_write)
    install_irq                              0x00000eb8   ARM Code     140  irq.o(i.install_irq)
    keypad_test                              0x00000f48   ARM Code      84  demo.o(i.keypad_test)
    main                                     0x00000fcc   ARM Code      20  main.o(i.main)
    serial0_buff                             0x00000fe0   ARM Code     208  serial.o(i.serial0_buff)
    serial0_init                             0x000010c0   ARM Code     188  serial.o(i.serial0_init)
    serial0_print                            0x0000118c   ARM Code      40  serial.o(i.serial0_print)
    serial0_write                            0x000011b4   ARM Code      60  serial.o(i.serial0_write)
    Region$$Table$$Base                      0x000011f4   Number         0  anon$$obj.o(Region$$Table)
    Region$$Table$$Limit                     0x00001214   Number         0  anon$$obj.o(Region$$Table)
    rx_Buffer0_Head                          0x40000000   Data           4  serial.o(.data)
    rx_Buffer0_Tail                          0x40000004   Data           4  serial.o(.data)
    rx_Buffer1_Head                          0x40000008   Data           4  serial.o(.data)
    rx_Buffer1_Tail                          0x4000000c   Data           4  serial.o(.data)
    Serial0Status                            0x40000010   Data           1  serial.o(.data)
    Serial1Status                            0x40000011   Data           1  serial.o(.data)
    keypad_pins                              0x40000012   Data           8  keypad.o(.data)
    rxBuffer0                                0x4000001c   Data         512  serial.o(.bss)
    rxBuffer1                                0x4000021c   Data         512  serial.o(.bss)
    __libspace_start                         0x4000041c   Data          96  libspace.o(.bss)
    __temporary_stack_top$libspace           0x4000047c   Data           0  libspace.o(.bss)



==============================================================================

Memory Map of the image

  Image Entry point : 0x00000110

  Load Region LR_IROM1 (Base: 0x00000000, Size: 0x00001230, Max: 0x00080000, ABSOLUTE)

    Execution Region ER_IROM1 (Base: 0x00000000, Size: 0x00001214, Max: 0x00080000, ABSOLUTE)

    Base Addr    Size         Type   Attr      Idx    E Section Name        Object

    0x00000000   0x00000110   Code   RO            3    RESET               startup.o
    0x00000110   0x00000008   Code   RO          962  * !!!main             c_t.l(__main.o)
    0x00000118   0x0000003c   Code   RO         1163    !!!scatter          c_t.l(__scatter.o)
    0x00000154   0x00000028   Code   RO         1165    !!handler_copy      c_t.l(__scatter_copy.o)
    0x0000017c   0x0000002c   Code   RO         1167    !!handler_zi        c_t.l(__scatter_zi.o)
    0x000001a8   0x00000004   Ven    RO          941    .ARM.Collect$$_printf_percent$$00000000  c_t.l(_printf_percent.o)
    0x000001ac   0x00000000   Code   RO          941    .ARM.Collect$$_printf_percent$$00000000  c_t.l(_printf_percent.o)
    0x000001ac   0x00000008   Code   RO          940    .ARM.Collect$$_printf_percent$$00000009  c_t.l(_printf_d.o)
    0x000001b4   0x00000008   Code   RO          987    .ARM.Collect$$_printf_percent$$00000017  c_t.l(_printf_percent_end.o)
    0x000001bc   0x00000008   Ven    RO         1033    .ARM.Collect$$libinit$$00000000  c_t.l(libinit.o)
    0x000001c4   0x00000002   Code   RO         1033    .ARM.Collect$$libinit$$00000000  c_t.l(libinit.o)
    0x000001c6   0x00000000   Code   RO         1046    .ARM.Collect$$libinit$$00000002  c_t.l(libinit2.o)
    0x000001c6   0x00000000   Code   RO         1048    .ARM.Collect$$libinit$$00000004  c_t.l(libinit2.o)
    0x000001c6   0x00000000   Code   RO         1051    .ARM.Collect$$libinit$$0000000A  c_t.l(libinit2.o)
    0x000001c6   0x00000000   Code   RO         1053    .ARM.Collect$$libinit$$0000000C  c_t.l(libinit2.o)
    0x000001c6   0x00000000   Code   RO         1055    .ARM.Collect$$libinit$$0000000E  c_t.l(libinit2.o)
    0x000001c6   0x00000000   Code   RO         1058    .ARM.Collect$$libinit$$00000011  c_t.l(libinit2.o)
    0x000001c6   0x00000000   Code   RO         1060    .ARM.Collect$$libinit$$00000013  c_t.l(libinit2.o)
    0x000001c6   0x00000000   Code   RO         1062    .ARM.Collect$$libinit$$00000015  c_t.l(libinit2.o)
    0x000001c6   0x00000000   Code   RO         1064    .ARM.Collect$$libinit$$00000017  c_t.l(libinit2.o)
    0x000001c6   0x00000000   Code   RO         1066    .ARM.Collect$$libinit$$00000019  c_t.l(libinit2.o)
    0x000001c6   0x00000000   Code   RO         1068    .ARM.Collect$$libinit$$0000001B  c_t.l(libinit2.o)
    0x000001c6   0x00000000   Code   RO         1070    .ARM.Collect$$libinit$$0000001D  c_t.l(libinit2.o)
    0x000001c6   0x00000000   Code   RO         1072    .ARM.Collect$$libinit$$0000001F  c_t.l(libinit2.o)
    0x000001c6   0x00000000   Code   RO         1074    .ARM.Collect$$libinit$$00000021  c_t.l(libinit2.o)
    0x000001c6   0x00000000   Code   RO         1076    .ARM.Collect$$libinit$$00000023  c_t.l(libinit2.o)
    0x000001c6   0x00000000   Code   RO         1078    .ARM.Collect$$libinit$$00000025  c_t.l(libinit2.o)
    0x000001c6   0x00000000   Code   RO         1082    .ARM.Collect$$libinit$$0000002C  c_t.l(libinit2.o)
    0x000001c6   0x00000000   Code   RO         1084    .ARM.Collect$$libinit$$0000002E  c_t.l(libinit2.o)
    0x000001c6   0x00000000   Code   RO         1086    .ARM.Collect$$libinit$$00000030  c_t.l(libinit2.o)
    0x000001c6   0x00000000   Code   RO         1088    .ARM.Collect$$libinit$$00000032  c_t.l(libinit2.o)
    0x000001c6   0x0000000c   Code   RO         1089    .ARM.Collect$$libinit$$00000033  c_t.l(libinit2.o)
    0x000001d2   0x00000002   PAD
    0x000001d4   0x00000008   Ven    RO         1120    .ARM.Collect$$libshutdown$$00000000  c_t.l(libshutdown.o)
    0x000001dc   0x00000004   Code   RO         1120    .ARM.Collect$$libshutdown$$00000000  c_t.l(libshutdown.o)
    0x000001e0   0x00000000   Code   RO         1146    .ARM.Collect$$libshutdown$$00000002  c_t.l(libshutdown2.o)
    0x000001e0   0x00000000   Code   RO         1148    .ARM.Collect$$libshutdown$$00000004  c_t.l(libshutdown2.o)
    0x000001e0   0x00000000   Code   RO         1151    .ARM.Collect$$libshutdown$$00000007  c_t.l(libshutdown2.o)
    0x000001e0   0x00000000   Code   RO         1154    .ARM.Collect$$libshutdown$$0000000A  c_t.l(libshutdown2.o)
    0x000001e0   0x00000000   Code   RO         1156    .ARM.Collect$$libshutdown$$0000000C  c_t.l(libshutdown2.o)
    0x000001e0   0x00000000   Code   RO         1159    .ARM.Collect$$libshutdown$$0000000F  c_t.l(libshutdown2.o)
    0x000001e0   0x00000006   Code   RO         1160    .ARM.Collect$$libshutdown$$00000010  c_t.l(libshutdown2.o)
    0x000001e6   0x00000002   PAD
    0x000001e8   0x00000000   Code   RO          972    .ARM.Collect$$rtentry$$00000000  c_t.l(__rtentry.o)
    0x000001e8   0x00000000   Code   RO          998    .ARM.Collect$$rtentry$$00000002  c_t.l(__rtentry2.o)
    0x000001e8   0x00000008   Code   RO         1010    .ARM.Collect$$rtentry$$00000004  c_t.l(__rtentry4.o)
    0x000001f0   0x00000000   Code   RO         1000    .ARM.Collect$$rtentry$$00000009  c_t.l(__rtentry2.o)
    0x000001f0   0x00000004   Code   RO         1001    .ARM.Collect$$rtentry$$0000000A  c_t.l(__rtentry2.o)
    0x000001f4   0x00000000   Code   RO         1003    .ARM.Collect$$rtentry$$0000000C  c_t.l(__rtentry2.o)
    0x000001f4   0x00000028   Code   RO         1004    .ARM.Collect$$rtentry$$0000000D  c_t.l(__rtentry2.o)
    0x0000021c   0x00000004   Ven    RO         1037    .ARM.Collect$$rtexit$$00000000  c_t.l(rtexit.o)
    0x00000220   0x00000004   Code   RO         1037    .ARM.Collect$$rtexit$$00000000  c_t.l(rtexit.o)
    0x00000224   0x00000000   Code   RO         1093    .ARM.Collect$$rtexit$$00000002  c_t.l(rtexit2.o)
    0x00000224   0x00000004   Code   RO         1094    .ARM.Collect$$rtexit$$00000003  c_t.l(rtexit2.o)
    0x00000228   0x00000008   Code   RO         1095    .ARM.Collect$$rtexit$$00000004  c_t.l(rtexit2.o)
    0x00000230   0x00000020   Code   RO            4    .text               startup.o
    0x00000250   0x000002d0   Code   RO          904    .text               c_t.l(lludiv.o)
    0x00000520   0x00000008   Ven    RO          908    .text               c_t.l(noretval__2sprintf.o)
    0x00000528   0x00000028   Code   RO          908    .text               c_t.l(noretval__2sprintf.o)
    0x00000550   0x00000008   Ven    RO          918    .text               c_t.l(_printf_dec.o)
    0x00000558   0x00000070   Code   RO          918    .text               c_t.l(_printf_dec.o)
    0x000005c8   0x0000011e   Code   RO          928    .text               c_t.l(__printf_wp.o)
    0x000006e6   0x00000002   PAD
    0x000006e8   0x00000180   Code   RO          944    .text               c_t.l(aeabi_sdiv.o)
    0x00000868   0x00000006   Code   RO          960    .text               c_t.l(heapauxi.o)
    0x0000086e   0x000000ba   Code   RO          981    .text               c_t.l(_printf_intcommon.o)
    0x00000928   0x00000030   Code   RO          983    .text               c_t.l(_printf_char_common.o)
    0x00000958   0x0000000a   Code   RO          985    .text               c_t.l(_sputc.o)
    0x00000962   0x00000002   PAD
    0x00000964   0x00000004   Ven    RO          988    .text               c_t.l(rtudiv10.o)
    0x00000968   0x0000002c   Code   RO          988    .text               c_t.l(rtudiv10.o)
    0x00000994   0x00000060   Code   RO         1020    .text               c_t.l(sys_stackheap_outer.o)
    0x000009f4   0x00000014   Code   RO         1022    .text               c_t.l(exit.o)
    0x00000a08   0x0000000c   Code   RO         1034    .text               c_t.l(libspace.o)
    0x00000a14   0x00000008   Ven    RO         1090    .text               c_t.l(sys_exit.o)
    0x00000a1c   0x0000000c   Code   RO         1090    .text               c_t.l(sys_exit.o)
    0x00000a28   0x00000004   Code   RO         1109    .text               c_t.l(use_no_semi.o)
    0x00000a2c   0x00000000   Code   RO         1111    .text               c_t.l(indicate_semi.o)
    0x00000a2c   0x00000024   Code   RO          945    .text_udiv          c_t.l(aeabi_sdiv.o)
    0x00000a50   0x000000e4   Code   RO          232    i.Serial0Handler    serial.o
    0x00000b34   0x00000002   Code   RO          914    i.__ARM_common_call_via_r1  c_t.l(__printf.o)
    0x00000b36   0x00000002   Code   RO          912    i.__ARM_common_call_via_r2  c_t.l(__printf.o)
    0x00000b38   0x0000000e   Code   RO          930    i._is_digit         c_t.l(__printf_wp.o)
    0x00000b46   0x00000002   PAD
    0x00000b48   0x00000034   Code   RO           55    i.delay_ms          delay.o
    0x00000b7c   0x000000f8   Code   RO          884    i.get_keypad_key    keypad.o
    0x00000c74   0x00000148   Code   RO           76    i.gpio_pin_mode     gpio.o
    0x00000dbc   0x00000050   Code   RO           77    i.gpio_pin_read     gpio.o
    0x00000e0c   0x000000ac   Code   RO           78    i.gpio_pin_write    gpio.o
    0x00000eb8   0x00000090   Code   RO          105    i.install_irq       irq.o
    0x00000f48   0x00000084   Code   RO          503    i.keypad_test       demo.o
    0x00000fcc   0x00000014   Code   RO          473    i.main              main.o
    0x00000fe0   0x000000e0   Code   RO          235    i.serial0_buff      serial.o
    0x000010c0   0x000000cc   Code   RO          237    i.serial0_init      serial.o
    0x0000118c   0x00000028   Code   RO          238    i.serial0_print     serial.o
    0x000011b4   0x00000040   Code   RO          241    i.serial0_write     serial.o
    0x000011f4   0x00000020   Data   RO         1161    Region$$Table       anon$$obj.o


    Execution Region RW_IRAM1 (Base: 0x40000000, Size: 0x00000908, Max: 0x00008000, ABSOLUTE)

    Base Addr    Size         Type   Attr      Idx    E Section Name        Object

    0x40000000   0x00000012   Data   RW          251    .data               serial.o
    0x40000012   0x00000008   Data   RW          885    .data               keypad.o
    0x4000001a   0x00000002   PAD
    0x4000001c   0x00000400   Zero   RW          250    .bss                serial.o
    0x4000041c   0x00000060   Zero   RW         1035    .bss                c_t.l(libspace.o)
    0x4000047c   0x00000004   PAD
    0x40000480   0x00000000   Zero   RW            2    HEAP                startup.o
    0x40000480   0x00000488   Zero   RW            1    STACK               startup.o


==============================================================================

Image component sizes


      Code (inc. data)   RO Data    RW Data    ZI Data      Debug   Object Name

         0          0          0          0          0       4500   adc.o
        52          4          0          0          0        475   delay.o
       132         48          0          0          0        486   demo.o
       580         16          0          0          0       1713   gpio.o
       144          4          0          0          0       1098   irq.o
       248          4          0          8          0       1243   keypad.o
        20          0          0          0          0        411   main.o
       760         44          0         18       1024       3761   serial.o
       304         60          0          0       1160        524   startup.o

    ----------------------------------------------------------------------
      2240        180         32         28       2184      14211   Object Totals
         0          0         32          0          0          0   (incl. Generated)
         0          0          0          2          0          0   (incl. Padding)

    ----------------------------------------------------------------------

      Code (inc. data)   RO Data    RW Data    ZI Data      Debug   Library Member Name

         8          0          0          0          0         68   __main.o
         4          0          0          0          0        120   __printf.o
       300          0          0          0          0        152   __printf_wp.o
         0          0          0          0          0          0   __rtentry.o
        44          4          0          0          0          0   __rtentry2.o
         8          0          0          0          0          0   __rtentry4.o
        60          8          0          0          0          0   __scatter.o
        40          0          0          0          0          0   __scatter_copy.o
        44          0          0          0          0          0   __scatter_zi.o
        48          4          0          0          0         96   _printf_char_common.o
         8          0          0          0          0          0   _printf_d.o
       120         18          0          0          0         88   _printf_dec.o
       186          0          0          0          0         96   _printf_intcommon.o
         4          0          0          0          0          0   _printf_percent.o
         8          0          0          0          0          0   _printf_percent_end.o
        10          0          0          0          0         60   _sputc.o
       420          0          0          0          0        148   aeabi_sdiv.o
        20          0          0          0          0         80   exit.o
         6          0          0          0          0        136   heapauxi.o
         0          0          0          0          0          0   indicate_semi.o
        10          0          0          0          0          0   libinit.o
        12          0          0          0          0          0   libinit2.o
        12          0          0          0          0          0   libshutdown.o
         6          0          0          0          0          0   libshutdown2.o
        12          4          0          0         96         68   libspace.o
       720         64          0          0          0        156   lludiv.o
        48          4          0          0          0         84   noretval__2sprintf.o
         8          0          0          0          0          0   rtexit.o
        12          0          0          0          0          0   rtexit2.o
        48          0          0          0          0         68   rtudiv10.o
        20          4          0          0          0         60   sys_exit.o
        96          0          0          0          0         80   sys_stackheap_outer.o
         4          0          0          0          0         68   use_no_semi.o

    ----------------------------------------------------------------------
      2356        110          0          0        100       1628   Library Totals
        10          0          0          0          4          0   (incl. Padding)

    ----------------------------------------------------------------------

      Code (inc. data)   RO Data    RW Data    ZI Data      Debug   Library Name

      2346        110          0          0         96       1628   c_t.l

    ----------------------------------------------------------------------
      2356        110          0          0        100       1628   Library Totals

    ----------------------------------------------------------------------

==============================================================================


      Code (inc. data)   RO Data    RW Data    ZI Data      Debug   

      4596        290         32         28       2284      14727   Grand Totals
      4596        290         32         28       2284      14727   ELF Image Totals
      4596        290         32         28          0          0   ROM Totals

==============================================================================

    Total RO  Size (Code + RO Data)                 4628 (   4.52kB)
    Total RW  Size (RW Data + ZI Data)              2312 (   2.26kB)
    Total ROM Size (Code + RO Data + RW Data)       4656 (   4.55kB)

==============================================================================

